Component: ARM Compiler 5.06 update 5 (build 528) Tool: armlink [4d35e2]

==============================================================================

Section Cross References

    minibalance.o(.text) refers to sys.o(.text) for MY_NVIC_PriorityGroupConfig
    minibalance.o(.text) refers to delay.o(.text) for delay_init
    minibalance.o(.text) refers to led.o(.text) for LED_Init
    minibalance.o(.text) refers to motor.o(.text) for MiniBalance_PWM_Init
    minibalance.o(.text) refers to usart3.o(.text) for uart3_init
    minibalance.o(.text) refers to encoder.o(.text) for Encoder_Init_TIM2
    minibalance.o(.text) refers to ioi2c.o(.text) for IIC_Init
    minibalance.o(.text) refers to joled.o(.text) for OLED_Init
    minibalance.o(.text) refers to mpu6050.o(.text) for MPU6050_initialize
    minibalance.o(.text) refers to exti.o(.text) for button0_init
    minibalance.o(.text) refers to show.o(.text) for OLED_InitShow
    minibalance.o(.text) refers to minibalance.o(.data) for Flag_Mode
    system_stm32f10x.o(.text) refers to system_stm32f10x.o(.data) for SystemCoreClock
    startup_stm32f10x_md.o(STACK) refers (Special) to heapauxi.o(.text) for __use_two_region_memory
    startup_stm32f10x_md.o(HEAP) refers (Special) to heapauxi.o(.text) for __use_two_region_memory
    startup_stm32f10x_md.o(RESET) refers (Special) to heapauxi.o(.text) for __use_two_region_memory
    startup_stm32f10x_md.o(RESET) refers to startup_stm32f10x_md.o(STACK) for __initial_sp
    startup_stm32f10x_md.o(RESET) refers to startup_stm32f10x_md.o(.text) for Reset_Handler
    startup_stm32f10x_md.o(RESET) refers to stm32f10x_it.o(.text) for NMI_Handler
    startup_stm32f10x_md.o(RESET) refers to exti.o(.text) for EXTI2_IRQHandler
    startup_stm32f10x_md.o(RESET) refers to encoder.o(.text) for TIM2_IRQHandler
    startup_stm32f10x_md.o(RESET) refers to usart3.o(.text) for USART1_IRQHandler
    startup_stm32f10x_md.o(RESET) refers to control.o(.text) for EXTI15_10_IRQHandler
    startup_stm32f10x_md.o(.text) refers (Special) to heapauxi.o(.text) for __use_two_region_memory
    startup_stm32f10x_md.o(.text) refers to system_stm32f10x.o(.text) for SystemInit
    startup_stm32f10x_md.o(.text) refers to __main.o(!!!main) for __main
    startup_stm32f10x_md.o(.text) refers to startup_stm32f10x_md.o(HEAP) for Heap_Mem
    startup_stm32f10x_md.o(.text) refers to startup_stm32f10x_md.o(STACK) for Stack_Mem
    stm32f10x_adc.o(.text) refers to stm32f10x_rcc.o(.text) for RCC_APB2PeriphResetCmd
    stm32f10x_bkp.o(.text) refers to stm32f10x_rcc.o(.text) for RCC_BackupResetCmd
    stm32f10x_can.o(.text) refers to stm32f10x_rcc.o(.text) for RCC_APB1PeriphResetCmd
    stm32f10x_cec.o(.text) refers to stm32f10x_rcc.o(.text) for RCC_APB1PeriphResetCmd
    stm32f10x_dac.o(.text) refers to stm32f10x_rcc.o(.text) for RCC_APB1PeriphResetCmd
    stm32f10x_gpio.o(.text) refers to stm32f10x_rcc.o(.text) for RCC_APB2PeriphResetCmd
    stm32f10x_i2c.o(.text) refers to stm32f10x_rcc.o(.text) for RCC_APB1PeriphResetCmd
    stm32f10x_pwr.o(.text) refers to stm32f10x_rcc.o(.text) for RCC_APB1PeriphResetCmd
    stm32f10x_rcc.o(.text) refers to stm32f10x_rcc.o(.data) for APBAHBPrescTable
    stm32f10x_spi.o(.text) refers to stm32f10x_rcc.o(.text) for RCC_APB2PeriphResetCmd
    stm32f10x_tim.o(.text) refers to stm32f10x_rcc.o(.text) for RCC_APB2PeriphResetCmd
    stm32f10x_usart.o(.text) refers to stm32f10x_rcc.o(.text) for RCC_APB2PeriphResetCmd
    stm32f10x_wwdg.o(.text) refers to stm32f10x_rcc.o(.text) for RCC_APB1PeriphResetCmd
    sys.o(.text) refers to sys.o(.emb_text) for WFI_SET
    delay.o(.text) refers to misc.o(.text) for SysTick_CLKSourceConfig
    delay.o(.text) refers to system_stm32f10x.o(.data) for SystemCoreClock
    delay.o(.text) refers to delay.o(.data) for fac_us
    usart.o(.text) refers (Special) to use_no_semi_2.o(.text) for __use_no_semihosting
    usart.o(.text) refers to stm32f10x_rcc.o(.text) for RCC_APB2PeriphClockCmd
    usart.o(.text) refers to stm32f10x_gpio.o(.text) for GPIO_Init
    usart.o(.text) refers to stm32f10x_usart.o(.text) for USART_Init
    usart.o(.text) refers to minibalance.o(.data) for Flag_Show
    usart.o(.data) refers (Special) to use_no_semi_2.o(.text) for __use_no_semihosting
    led.o(.text) refers to stm32f10x_rcc.o(.text) for RCC_APB2PeriphClockCmd
    led.o(.text) refers to stm32f10x_gpio.o(.text) for GPIO_Init
    led.o(.text) refers to delay.o(.text) for delay_ms
    led.o(.text) refers to led.o(.data) for temp
    motor.o(.text) refers to stm32f10x_rcc.o(.text) for RCC_APB2PeriphClockCmd
    motor.o(.text) refers to stm32f10x_gpio.o(.text) for GPIO_Init
    motor.o(.text) refers to stm32f10x_tim.o(.text) for TIM_TimeBaseInit
    key.o(.text) refers to stm32f10x_gpio.o(.text) for GPIO_ReadInputDataBit
    key.o(.text) refers to delay.o(.text) for delay_ms
    encoder.o(.text) refers to stm32f10x_rcc.o(.text) for RCC_APB1PeriphClockCmd
[...]
    __Vectors_Size                           0x000000ec   Number         0  startup_stm32f10x_md.o ABSOLUTE
    __Vectors                                0x08000000   Data           4  startup_stm32f10x_md.o(RESET)
    __Vectors_End                            0x080000ec   Data           0  startup_stm32f10x_md.o(RESET)
    __main                                   0x080000ed   Thumb Code     8  __main.o(!!!main)
    __scatterload                            0x080000f5   Thumb Code     0  __scatter.o(!!!scatter)
    __scatterload_rt2                        0x080000f5   Thumb Code    44  __scatter.o(!!!scatter)
    __scatterload_rt2_thumb_only             0x080000f5   Thumb Code     0  __scatter.o(!!!scatter)
    __scatterload_null                       0x08000103   Thumb Code     0  __scatter.o(!!!scatter)
    __decompress                             0x08000129   Thumb Code    90  __dczerorl2.o(!!dczerorl2)
    __decompress1                            0x08000129   Thumb Code     0  __dczerorl2.o(!!dczerorl2)
    __scatterload_zeroinit                   0x08000185   Thumb Code    28  __scatter_zi.o(!!handler_zi)
    _printf_d                                0x080001a1   Thumb Code     0  _printf_d.o(.ARM.Collect$$_printf_percent$$00000009)
    _printf_percent                          0x080001a1   Thumb Code     0  _printf_percent.o(.ARM.Collect$$_printf_percent$$00000000)
    _printf_percent_end                      0x080001a7   Thumb Code     0  _printf_percent_end.o(.ARM.Collect$$_printf_percent$$00000017)
    __rt_lib_init                            0x080001ab   Thumb Code     0  libinit.o(.ARM.Collect$$libinit$$00000000)
    __rt_lib_init_alloca_1                   0x080001ad   Thumb Code     0  libinit2.o(.ARM.Collect$$libinit$$0000002E)
    __rt_lib_init_argv_1                     0x080001ad   Thumb Code     0  libinit2.o(.ARM.Collect$$libinit$$0000002C)
    __rt_lib_init_atexit_1                   0x080001ad   Thumb Code     0  libinit2.o(.ARM.Collect$$libinit$$0000001B)
    __rt_lib_init_clock_1                    0x080001ad   Thumb Code     0  libinit2.o(.ARM.Collect$$libinit$$00000021)
    __rt_lib_init_cpp_1                      0x080001ad   Thumb Code     0  libinit2.o(.ARM.Collect$$libinit$$00000032)
    __rt_lib_init_exceptions_1               0x080001ad   Thumb Code     0  libinit2.o(.ARM.Collect$$libinit$$00000030)
    __rt_lib_init_fp_1                       0x080001ad   Thumb Code     0  libinit2.o(.ARM.Collect$$libinit$$00000002)
    __rt_lib_init_fp_trap_1                  0x080001ad   Thumb Code     0  libinit2.o(.ARM.Collect$$libinit$$0000001F)
    __rt_lib_init_getenv_1                   0x080001ad   Thumb Code     0  libinit2.o(.ARM.Collect$$libinit$$00000023)
    __rt_lib_init_heap_1                     0x080001ad   Thumb Code     0  libinit2.o(.ARM.Collect$$libinit$$0000000A)
    __rt_lib_init_lc_collate_1               0x080001ad   Thumb Code     0  libinit2.o(.ARM.Collect$$libinit$$00000011)
    __rt_lib_init_lc_ctype_1                 0x080001ad   Thumb Code     0  libinit2.o(.ARM.Collect$$libinit$$00000013)
    __rt_lib_init_lc_monetary_1              0x080001ad   Thumb Code     0  libinit2.o(.ARM.Collect$$libinit$$00000015)
    __rt_lib_init_lc_numeric_1               0x080001ad   Thumb Code     0  libinit2.o(.ARM.Collect$$libinit$$00000017)
    __rt_lib_init_lc_time_1                  0x080001ad   Thumb Code     0  libinit2.o(.ARM.Collect$$libinit$$00000019)
    __rt_lib_init_preinit_1                  0x080001ad   Thumb Code     0  libinit2.o(.ARM.Collect$$libinit$$00000004)
    __rt_lib_init_rand_1                     0x080001ad   Thumb Code     0  libinit2.o(.ARM.Collect$$libinit$$0000000E)
    __rt_lib_init_return                     0x080001ad   Thumb Code     0  libinit2.o(.ARM.Collect$$libinit$$00000033)
    __rt_lib_init_signal_1                   0x080001ad   Thumb Code     0  libinit2.o(.ARM.Collect$$libinit$$0000001D)
    __rt_lib_init_stdio_1                    0x080001ad   Thumb Code     0  libinit2.o(.ARM.Collect$$libinit$$00000025)
    __rt_lib_init_user_alloc_1               0x080001ad   Thumb Code     0  libinit2.o(.ARM.Collect$$libinit$$0000000C)
    __rt_lib_shutdown                        0x080001af   Thumb Code     0  libshutdown.o(.ARM.Collect$$libshutdown$$00000000)
    __rt_lib_shutdown_cpp_1                  0x080001b1   Thumb Code     0  libshutdown2.o(.ARM.Collect$$libshutdown$$00000002)
    __rt_lib_shutdown_fp_trap_1              0x080001b1   Thumb Code     0  libshutdown2.o(.ARM.Collect$$libshutdown$$00000007)
    __rt_lib_shutdown_heap_1                 0x080001b1   Thumb Code     0  libshutdown2.o(.ARM.Collect$$libshutdown$$0000000F)
    __rt_lib_shutdown_return                 0x080001b1   Thumb Code     0  libshutdown2.o(.ARM.Collect$$libshutdown$$00000010)
    __rt_lib_shutdown_signal_1               0x080001b1   Thumb Code     0  libshutdown2.o(.ARM.Collect$$libshutdown$$0000000A)
    __rt_lib_shutdown_stdio_1                0x080001b1   Thumb Code     0  libshutdown2.o(.ARM.Collect$$libshutdown$$00000004)
    __rt_lib_shutdown_user_alloc_1           0x080001b1   Thumb Code     0  libshutdown2.o(.ARM.Collect$$libshutdown$$0000000C)
    __rt_entry                               0x080001b3   Thumb Code     0  __rtentry.o(.ARM.Collect$$rtentry$$00000000)
    __rt_entry_presh_1                       0x080001b3   Thumb Code     0  __rtentry2.o(.ARM.Collect$$rtentry$$00000002)
    __rt_entry_sh                            0x080001b3   Thumb Code     0  __rtentry4.o(.ARM.Collect$$rtentry$$00000004)
    __rt_entry_li                            0x080001b9   Thumb Code     0  __rtentry2.o(.ARM.Collect$$rtentry$$0000000A)
    __rt_entry_postsh_1                      0x080001b9   Thumb Code     0  __rtentry2.o(.ARM.Collect$$rtentry$$00000009)
    __rt_entry_main                          0x080001bd   Thumb Code     0  __rtentry2.o(.ARM.Collect$$rtentry$$0000000D)
    __rt_entry_postli_1                      0x080001bd   Thumb Code     0  __rtentry2.o(.ARM.Collect$$rtentry$$0000000C)
    __rt_exit                                0x080001c5   Thumb Code     0  rtexit.o(.ARM.Collect$$rtexit$$00000000)
    __rt_exit_ls                             0x080001c7   Thumb Code     0  rtexit2.o(.ARM.Collect$$rtexit$$00000003)
    __rt_exit_prels_1                        0x080001c7   Thumb Code     0  rtexit2.o(.ARM.Collect$$rtexit$$00000002)
    __rt_exit_exit                           0x080001cb   Thumb Code     0  rtexit2.o(.ARM.Collect$$rtexit$$00000004)
    WFI_SET                                  0x080001d1   Thumb Code     2  sys.o(.emb_text)
    INTX_DISABLE                             0x080001d3   Thumb Code     2  sys.o(.emb_text)
    INTX_ENABLE                              0x080001d5   Thumb Code     2  sys.o(.emb_text)
    MSR_MSP                                  0x080001d7   Thumb Code     6  sys.o(.emb_text)
    main                                     0x080001dd   Thumb Code   224  minibalance.o(.text)
    NMI_Handler                              0x080002cd   Thumb Code     2  stm32f10x_it.o(.text)
    HardFault_Handler                        0x080002cf   Thumb Code     4  stm32f10x_it.o(.text)
    MemManage_Handler                        0x080002d3   Thumb Code     4  stm32f10x_it.o(.text)
    BusFault_Handler                         0x080002d7   Thumb Code     4  stm32f10x_it.o(.text)
    UsageFault_Handler                       0x080002db   Thumb Code     4  stm32f10x_it.o(.text)
    SVC_Handler                              0x080002df   Thumb Code     2  stm32f10x_it.o(.text)
    DebugMon_Handler                         0x080002e1   Thumb Code     2  stm32f10x_it.o(.text)
    PendSV_Handler                           0x080002e3   Thumb Code     2  stm32f10x_it.o(.text)
    SysTick_Handler                          0x080002e5   Thumb Code     2  stm32f10x_it.o(.text)
    SystemInit                               0x080003c7   Thumb Code    78  system_stm32f10x.o(.text)
    SystemCoreClockUpdate                    0x08000415   Thumb Code   142  system_stm32f10x.o(.text)
    Reset_Handler                            0x080004c9   Thumb Code     8  startup_stm32f10x_md.o(.text)
    ADC1_2_IRQHandler                        0x080004e3   Thumb Code     0  startup_stm32f10x_md.o(.text)
    CAN1_RX1_IRQHandler                      0x080004e3   Thumb Code     0  startup_stm32f10x_md.o(.text)
    CAN1_SCE_IRQHandler                      0x080004e3   Thumb Code     0  startup_stm32f10x_md.o(.text)
    DMA1_Channel1_IRQHandler                 0x080004e3   Thumb Code     0  startup_stm32f10x_md.o(.text)
    DMA1_Channel2_IRQHandler                 0x080004e3   Thumb Code     0  startup_stm32f10x_md.o(.text)
    DMA1_Channel3_IRQHandler                 0x080004e3   Thumb Code     0  startup_stm32f10x_md.o(.text)
    DMA1_Channel4_IRQHandler                 0x080004e3   Thumb Code     0  startup_stm32f10x_md.o(.text)
    DMA1_Channel5_IRQHandler                 0x080004e3   Thumb Code     0  startup_stm32f10x_md.o(.text)
    DMA1_Channel6_IRQHandler                 0x080004e3   Thumb Code     0  startup_stm32f10x_md.o(.text)
    DMA1_Channel7_IRQHandler                 0x080004e3   Thumb Code     0  startup_stm32f10x_md.o(.text)
    EXTI0_IRQHandler                         0x080004e3   Thumb Code     0  startup_stm32f10x_md.o(.text)
    EXTI1_IRQHandler                         0x080004e3   Thumb Code     0  startup_stm32f10x_md.o(.text)
    EXTI4_IRQHandler                         0x080004e3   Thumb Code     0  startup_stm32f10x_md.o(.text)
    FLASH_IRQHandler                         0x080004e3   Thumb Code     0  startup_stm32f10x_md.o(.text)
    I2C1_ER_IRQHandler                       0x080004e3   Thumb Code     0  startup_stm32f10x_md.o(.text)
    I2C1_EV_IRQHandler                       0x080004e3   Thumb Code     0  startup_stm32f10x_md.o(.text)
    I2C2_ER_IRQHandler                       0x080004e3   Thumb Code     0  startup_stm32f10x_md.o(.text)
    I2C2_EV_IRQHandler                       0x080004e3   Thumb Code     0  startup_stm32f10x_md.o(.text)
    PVD_IRQHandler                           0x080004e3   Thumb Code     0  startup_stm32f10x_md.o(.text)
    RCC_IRQHandler                           0x080004e3   Thumb Code     0  startup_stm32f10x_md.o(.text)
    RTCAlarm_IRQHandler                      0x080004e3   Thumb Code     0  startup_stm32f10x_md.o(.text)
    RTC_IRQHandler                           0x080004e3   Thumb Code     0  startup_stm32f10x_md.o(.text)
    SPI1_IRQHandler                          0x080004e3   Thumb Code     0  startup_stm32f10x_md.o(.text)
    SPI2_IRQHandler                          0x080004e3   Thumb Code     0  startup_stm32f10x_md.o(.text)
    TAMPER_IRQHandler                        0x080004e3   Thumb Code     0  startup_stm32f10x_md.o(.text)
    TIM1_BRK_IRQHandler                      0x080004e3   Thumb Code     0  startup_stm32f10x_md.o(.text)
    TIM1_CC_IRQHandler                       0x080004e3   Thumb Code     0  startup_stm32f10x_md.o(.text)
    TIM1_TRG_COM_IRQHandler                  0x080004e3   Thumb Code     0  startup_stm32f10x_md.o(.text)
    TIM1_UP_IRQHandler                       0x080004e3   Thumb Code     0  startup_stm32f10x_md.o(.text)
    TIM3_IRQHandler                          0x080004e3   Thumb Code     0  startup_stm32f10x_md.o(.text)
    USART2_IRQHandler                        0x080004e3   Thumb Code     0  startup_stm32f10x_md.o(.text)
    USART3_IRQHandler                        0x080004e3   Thumb Code     0  startup_stm32f10x_md.o(.text)
    USBWakeUp_IRQHandler                     0x080004e3   Thumb Code     0  startup_stm32f10x_md.o(.text)
    USB_HP_CAN1_TX_IRQHandler                0x080004e3   Thumb Code     0  startup_stm32f10x_md.o(.text)
    USB_LP_CAN1_RX0_IRQHandler               0x080004e3   Thumb Code     0  startup_stm32f10x_md.o(.text)
    WWDG_IRQHandler                          0x080004e3   Thumb Code     0  startup_stm32f10x_md.o(.text)
    __user_initial_stackheap                 0x080004e5   Thumb Code     0  startup_stm32f10x_md.o(.text)
    NVIC_PriorityGroupConfig                 0x08000509   Thumb Code    10  misc.o(.text)
    NVIC_Init                                0x08000513   Thumb Code   100  misc.o(.text)
    NVIC_SetVectorTable                      0x08000577   Thumb Code    14  misc.o(.text)
    NVIC_SystemLPConfig                      0x08000585   Thumb Code    34  misc.o(.text)
    SysTick_CLKSourceConfig                  0x080005a7   Thumb Code    40  misc.o(.text)
    EXTI_DeInit                              0x080005e5   Thumb Code    28  stm32f10x_exti.o(.text)
    EXTI_Init                                0x08000601   Thumb Code   142  stm32f10x_exti.o(.text)
    EXTI_StructInit                          0x0800068f   Thumb Code    16  stm32f10x_exti.o(.text)
    EXTI_GenerateSWInterrupt                 0x0800069f   Thumb Code    16  stm32f10x_exti.o(.text)
    EXTI_GetFlagStatus                       0x080006af   Thumb Code    22  stm32f10x_exti.o(.text)
    EXTI_ClearFlag                           0x080006c5   Thumb Code     8  stm32f10x_exti.o(.text)
    EXTI_GetITStatus                         0x080006cd   Thumb Code    34  stm32f10x_exti.o(.text)
    EXTI_ClearITPendingBit                   0x080006ef   Thumb Code     8  stm32f10x_exti.o(.text)
    GPIO_DeInit                              0x08000701   Thumb Code   172  stm32f10x_gpio.o(.text)
    GPIO_AFIODeInit                          0x080007ad   Thumb Code    20  stm32f10x_gpio.o(.text)
    GPIO_Init                                0x080007c1   Thumb Code   278  stm32f10x_gpio.o(.text)
    GPIO_StructInit                          0x080008d7   Thumb Code    16  stm32f10x_gpio.o(.text)
    GPIO_ReadInputDataBit                    0x080008e7   Thumb Code    18  stm32f10x_gpio.o(.text)
    GPIO_ReadInputData                       0x080008f9   Thumb Code     8  stm32f10x_gpio.o(.text)
    GPIO_ReadOutputDataBit                   0x08000901   Thumb Code    18  stm32f10x_gpio.o(.text)
    GPIO_ReadOutputData                      0x08000913   Thumb Code     8  stm32f10x_gpio.o(.text)
    GPIO_SetBits                             0x0800091b   Thumb Code     4  stm32f10x_gpio.o(.text)
    GPIO_ResetBits                           0x0800091f   Thumb Code     4  stm32f10x_gpio.o(.text)
    GPIO_WriteBit                            0x08000923   Thumb Code    10  stm32f10x_gpio.o(.text)
    GPIO_Write                               0x0800092d   Thumb Code     4  stm32f10x_gpio.o(.text)
    GPIO_PinLockConfig                       0x08000931   Thumb Code    18  stm32f10x_gpio.o(.text)
    GPIO_EventOutputConfig                   0x08000943   Thumb Code    26  stm32f10x_gpio.o(.text)
    GPIO_EventOutputCmd                      0x0800095d   Thumb Code     6  stm32f10x_gpio.o(.text)
    GPIO_PinRemapConfig                      0x08000963   Thumb Code   138  stm32f10x_gpio.o(.text)
    GPIO_EXTILineConfig                      0x080009ed   Thumb Code    66  stm32f10x_gpio.o(.text)
    GPIO_ETH_MediaInterfaceConfig            0x08000a2f   Thumb Code     8  stm32f10x_gpio.o(.text)
    RCC_DeInit                               0x08000a5d   Thumb Code    64  stm32f10x_rcc.o(.text)
    RCC_HSEConfig                            0x08000a9d   Thumb Code    70  stm32f10x_rcc.o(.text)
    RCC_GetFlagStatus                        0x08000ae3   Thumb Code    56  stm32f10x_rcc.o(.text)
    RCC_WaitForHSEStartUp                    0x08000b1b   Thumb Code    56  stm32f10x_rcc.o(.text)
    RCC_AdjustHSICalibrationValue            0x08000b53   Thumb Code    20  stm32f10x_rcc.o(.text)
    RCC_HSICmd                               0x08000b67   Thumb Code     6  stm32f10x_rcc.o(.text)
    RCC_PLLConfig                            0x08000b6d   Thumb Code    24  stm32f10x_rcc.o(.text)
    RCC_PLLCmd                               0x08000b85   Thumb Code     6  stm32f10x_rcc.o(.text)
    RCC_SYSCLKConfig                         0x08000b8b   Thumb Code    18  stm32f10x_rcc.o(.text)
    RCC_GetSYSCLKSource                      0x08000b9d   Thumb Code    10  stm32f10x_rcc.o(.text)
    RCC_HCLKConfig                           0x08000ba7   Thumb Code    18  stm32f10x_rcc.o(.text)
    RCC_PCLK1Config                          0x08000bb9   Thumb Code    18  stm32f10x_rcc.o(.text)
    RCC_PCLK2Config                          0x08000bcb   Thumb Code    20  stm32f10x_rcc.o(.text)
    RCC_ITConfig                             0x08000bdf   Thumb Code    26  stm32f10x_rcc.o(.text)
    RCC_USBCLKConfig                         0x08000bf9   Thumb Code     8  stm32f10x_rcc.o(.text)
    RCC_ADCCLKConfig                         0x08000c01   Thumb Code    18  stm32f10x_rcc.o(.text)
    RCC_LSEConfig                            0x08000c13   Thumb Code    50  stm32f10x_rcc.o(.text)
    RCC_LSICmd                               0x08000c45   Thumb Code     6  stm32f10x_rcc.o(.text)
    RCC_RTCCLKConfig                         0x08000c4b   Thumb Code    12  stm32f10x_rcc.o(.text)
    RCC_RTCCLKCmd                            0x08000c57   Thumb Code     8  stm32f10x_rcc.o(.text)
    RCC_GetClocksFreq                        0x08000c5f   Thumb Code   192  stm32f10x_rcc.o(.text)
    RCC_AHBPeriphClockCmd                    0x08000d1f   Thumb Code    26  stm32f10x_rcc.o(.text)
    RCC_APB2PeriphClockCmd                   0x08000d39   Thumb Code    26  stm32f10x_rcc.o(.text)
    RCC_APB1PeriphClockCmd                   0x08000d53   Thumb Code    26  stm32f10x_rcc.o(.text)
    RCC_APB2PeriphResetCmd                   0x08000d6d   Thumb Code    26  stm32f10x_rcc.o(.text)
    RCC_APB1PeriphResetCmd                   0x08000d87   Thumb Code    26  stm32f10x_rcc.o(.text)
    RCC_BackupResetCmd                       0x08000da1   Thumb Code     8  stm32f10x_rcc.o(.text)
    RCC_ClockSecuritySystemCmd               0x08000da9   Thumb Code     6  stm32f10x_rcc.o(.text)
    RCC_MCOConfig                            0x08000daf   Thumb Code     6  stm32f10x_rcc.o(.text)
    RCC_ClearFlag                            0x08000db5   Thumb Code    14  stm32f10x_rcc.o(.text)
    RCC_GetITStatus                          0x08000dc3   Thumb Code    20  stm32f10x_rcc.o(.text)
    RCC_ClearITPendingBit                    0x08000dd7   Thumb Code     6  stm32f10x_rcc.o(.text)
    TIM_DeInit                               0x08000e01   Thumb Code   424  stm32f10x_tim.o(.text)
    TIM_TimeBaseInit                         0x08000fa9   Thumb Code   122  stm32f10x_tim.o(.text)
    TIM_OC1Init                              0x08001023   Thumb Code   132  stm32f10x_tim.o(.text)
    TIM_OC2Init                              0x080010a7   Thumb Code   154  stm32f10x_tim.o(.text)
    TIM_OC3Init                              0x08001141   Thumb Code   150  stm32f10x_tim.o(.text)
    TIM_OC4Init                              0x080011d7   Thumb Code   182  stm32f10x_tim.o(.text)
    TIM_SetIC4Prescaler                      0x0800128d   Thumb Code    26  stm32f10x_tim.o(.text)
    TIM_SetIC3Prescaler                      0x08001329   Thumb Code    18  stm32f10x_tim.o(.text)
    TIM_SetIC2Prescaler                      0x080013b5   Thumb Code    26  stm32f10x_tim.o(.text)
    TIM_SetIC1Prescaler                      0x08001451   Thumb Code    18  stm32f10x_tim.o(.text)
    TIM_ICInit                               0x080014cf   Thumb Code   150  stm32f10x_tim.o(.text)
    TIM_PWMIConfig                           0x08001565   Thumb Code   124  stm32f10x_tim.o(.text)
    TIM_BDTRConfig                           0x080015e1   Thumb Code    32  stm32f10x_tim.o(.text)
    TIM_TimeBaseStructInit                   0x08001601   Thumb Code    18  stm32f10x_tim.o(.text)
    TIM_OCStructInit                         0x08001613   Thumb Code    20  stm32f10x_tim.o(.text)
    TIM_ICStructInit                         0x08001627   Thumb Code    18  stm32f10x_tim.o(.text)
    TIM_BDTRStructInit                       0x08001639   Thumb Code    40  stm32f10x_tim.o(.text)
    TIM_Cmd                                  0x08001661   Thumb Code    24  stm32f10x_tim.o(.text)
    TIM_CtrlPWMOutputs                       0x08001679   Thumb Code    30  stm32f10x_tim.o(.text)
    TIM_ITConfig                             0x08001697   Thumb Code    18  stm32f10x_tim.o(.text)
    TIM_GenerateEvent                        0x080016a9   Thumb Code     4  stm32f10x_tim.o(.text)
    TIM_DMAConfig                            0x080016ad   Thumb Code    10  stm32f10x_tim.o(.text)
    TIM_DMACmd                               0x080016b7   Thumb Code    18  stm32f10x_tim.o(.text)
    TIM_InternalClockConfig                  0x080016c9   Thumb Code    12  stm32f10x_tim.o(.text)
    TIM_SelectInputTrigger                   0x080016d5   Thumb Code    18  stm32f10x_tim.o(.text)
    TIM_ITRxExternalClockConfig              0x080016e7   Thumb Code    24  stm32f10x_tim.o(.text)
    TIM_TIxExternalClockConfig               0x080016ff   Thumb Code    62  stm32f10x_tim.o(.text)
    TIM_ETRConfig                            0x0800173d   Thumb Code    28  stm32f10x_tim.o(.text)
    TIM_ETRClockMode1Config                  0x08001759   Thumb Code    54  stm32f10x_tim.o(.text)
    TIM_ETRClockMode2Config                  0x0800178f   Thumb Code    32  stm32f10x_tim.o(.text)
    TIM_PrescalerConfig                      0x080017af   Thumb Code     6  stm32f10x_tim.o(.text)
    TIM_CounterModeConfig                    0x080017b5   Thumb Code    18  stm32f10x_tim.o(.text)
    TIM_EncoderInterfaceConfig               0x080017c7   Thumb Code    66  stm32f10x_tim.o(.text)
    TIM_ForcedOC1Config                      0x08001809   Thumb Code    18  stm32f10x_tim.o(.text)
    TIM_ForcedOC2Config                      0x0800181b   Thumb Code    26  stm32f10x_tim.o(.text)
    TIM_ForcedOC3Config                      0x08001835   Thumb Code    18  stm32f10x_tim.o(.text)
    TIM_ForcedOC4Config                      0x08001847   Thumb Code    26  stm32f10x_tim.o(.text)
    TIM_ARRPreloadConfig                     0x08001861   Thumb Code    24  stm32f10x_tim.o(.text)
    TIM_SelectCOM                            0x08001879   Thumb Code    24  stm32f10x_tim.o(.text)
    TIM_SelectCCDMA                          0x08001891   Thumb Code    24  stm32f10x_tim.o(.text)
    TIM_CCPreloadControl                     0x080018a9   Thumb Code    24  stm32f10x_tim.o(.text)
    TIM_OC1PreloadConfig                     0x080018c1   Thumb Code    18  stm32f10x_tim.o(.text)
    TIM_OC2PreloadConfig                     0x080018d3   Thumb Code    26  stm32f10x_tim.o(.text)
    TIM_OC3PreloadConfig                     0x080018ed   Thumb Code    18  stm32f10x_tim.o(.text)
    TIM_OC4PreloadConfig                     0x080018ff   Thumb Code    26  stm32f10x_tim.o(.text)
    TIM_OC1FastConfig                        0x08001919   Thumb Code    18  stm32f10x_tim.o(.text)
    TIM_OC2FastConfig                        0x0800192b   Thumb Code    26  stm32f10x_tim.o(.text)
    TIM_OC3FastConfig                        0x08001945   Thumb Code    18  stm32f10x_tim.o(.text)
    TIM_OC4FastConfig                        0x08001957   Thumb Code    26  stm32f10x_tim.o(.text)
    TIM_ClearOC1Ref                          0x08001971   Thumb Code    18  stm32f10x_tim.o(.text)
    TIM_ClearOC2Ref                          0x08001983   Thumb Code    24  stm32f10x_tim.o(.text)
    TIM_ClearOC3Ref                          0x0800199b   Thumb Code    18  stm32f10x_tim.o(.text)
    TIM_ClearOC4Ref                          0x080019ad   Thumb Code    24  stm32f10x_tim.o(.text)
    TIM_OC1PolarityConfig                    0x080019c5   Thumb Code    18  stm32f10x_tim.o(.text)
    TIM_OC1NPolarityConfig                   0x080019d7   Thumb Code    18  stm32f10x_tim.o(.text)
    TIM_OC2PolarityConfig                    0x080019e9   Thumb Code    26  stm32f10x_tim.o(.text)
    TIM_OC2NPolarityConfig                   0x08001a03   Thumb Code    26  stm32f10x_tim.o(.text)
    TIM_OC3PolarityConfig                    0x08001a1d   Thumb Code    26  stm32f10x_tim.o(.text)
    TIM_OC3NPolarityConfig                   0x08001a37   Thumb Code    26  stm32f10x_tim.o(.text)
    TIM_OC4PolarityConfig                    0x08001a51   Thumb Code    26  stm32f10x_tim.o(.text)
    TIM_CCxCmd                               0x08001a6b   Thumb Code    30  stm32f10x_tim.o(.text)
    TIM_CCxNCmd                              0x08001a89   Thumb Code    30  stm32f10x_tim.o(.text)
    TIM_SelectOCxM                           0x08001aa7   Thumb Code    82  stm32f10x_tim.o(.text)
    TIM_UpdateDisableConfig                  0x08001af9   Thumb Code    24  stm32f10x_tim.o(.text)
    TIM_UpdateRequestConfig                  0x08001b11   Thumb Code    24  stm32f10x_tim.o(.text)
    TIM_SelectHallSensor                     0x08001b29   Thumb Code    24  stm32f10x_tim.o(.text)
    TIM_SelectOnePulseMode                   0x08001b41   Thumb Code    18  stm32f10x_tim.o(.text)
    TIM_SelectOutputTrigger                  0x08001b53   Thumb Code    18  stm32f10x_tim.o(.text)
    TIM_SelectSlaveMode                      0x08001b65   Thumb Code    18  stm32f10x_tim.o(.text)
    TIM_SelectMasterSlaveMode                0x08001b77   Thumb Code    18  stm32f10x_tim.o(.text)
    TIM_SetCounter                           0x08001b89   Thumb Code     4  stm32f10x_tim.o(.text)
    TIM_SetAutoreload                        0x08001b8d   Thumb Code     4  stm32f10x_tim.o(.text)
    TIM_SetCompare1                          0x08001b91   Thumb Code     4  stm32f10x_tim.o(.text)
    TIM_SetCompare2                          0x08001b95   Thumb Code     4  stm32f10x_tim.o(.text)
    TIM_SetCompare3                          0x08001b99   Thumb Code     4  stm32f10x_tim.o(.text)
    TIM_SetCompare4                          0x08001b9d   Thumb Code     6  stm32f10x_tim.o(.text)
    TIM_SetClockDivision                     0x08001ba3   Thumb Code    18  stm32f10x_tim.o(.text)
    TIM_GetCapture1                          0x08001bb5   Thumb Code     6  stm32f10x_tim.o(.text)
    TIM_GetCapture2                          0x08001bbb   Thumb Code     6  stm32f10x_tim.o(.text)
    TIM_GetCapture3                          0x08001bc1   Thumb Code     6  stm32f10x_tim.o(.text)
    TIM_GetCapture4                          0x08001bc7   Thumb Code     8  stm32f10x_tim.o(.text)
    TIM_GetCounter                           0x08001bcf   Thumb Code     6  stm32f10x_tim.o(.text)
    TIM_GetPrescaler                         0x08001bd5   Thumb Code     6  stm32f10x_tim.o(.text)
    TIM_GetFlagStatus                        0x08001bdb   Thumb Code    18  stm32f10x_tim.o(.text)
    TIM_ClearFlag                            0x08001bed   Thumb Code     6  stm32f10x_tim.o(.text)
    TIM_GetITStatus                          0x08001bf3   Thumb Code    34  stm32f10x_tim.o(.text)
    TIM_ClearITPendingBit                    0x08001c15   Thumb Code     6  stm32f10x_tim.o(.text)
    USART_DeInit                             0x08001c1d   Thumb Code   134  stm32f10x_usart.o(.text)
    USART_Init                               0x08001ca3   Thumb Code   210  stm32f10x_usart.o(.text)
    USART_StructInit                         0x08001d75   Thumb Code    24  stm32f10x_usart.o(.text)
    USART_ClockInit                          0x08001d8d   Thumb Code    34  stm32f10x_usart.o(.text)
    USART_ClockStructInit                    0x08001daf   Thumb Code    12  stm32f10x_usart.o(.text)
    USART_Cmd                                0x08001dbb   Thumb Code    24  stm32f10x_usart.o(.text)
    USART_ITConfig                           0x08001dd3   Thumb Code    74  stm32f10x_usart.o(.text)
    USART_DMACmd                             0x08001e1d   Thumb Code    18  stm32f10x_usart.o(.text)
    USART_SetAddress                         0x08001e2f   Thumb Code    18  stm32f10x_usart.o(.text)
    USART_WakeUpConfig                       0x08001e41   Thumb Code    18  stm32f10x_usart.o(.text)
    USART_ReceiverWakeUpCmd                  0x08001e53   Thumb Code    24  stm32f10x_usart.o(.text)
    USART_LINBreakDetectLengthConfig         0x08001e6b   Thumb Code    18  stm32f10x_usart.o(.text)
    USART_LINCmd                             0x08001e7d   Thumb Code    24  stm32f10x_usart.o(.text)
    USART_SendData                           0x08001e95   Thumb Code     8  stm32f10x_usart.o(.text)
    USART_ReceiveData                        0x08001e9d   Thumb Code    10  stm32f10x_usart.o(.text)
    USART_SendBreak                          0x08001ea7   Thumb Code    10  stm32f10x_usart.o(.text)
    USART_SetGuardTime                       0x08001eb1   Thumb Code    16  stm32f10x_usart.o(.text)
    USART_SetPrescaler                       0x08001ec1   Thumb Code    16  stm32f10x_usart.o(.text)
    USART_SmartCardCmd                       0x08001ed1   Thumb Code    24  stm32f10x_usart.o(.text)
    USART_SmartCardNACKCmd                   0x08001ee9   Thumb Code    24  stm32f10x_usart.o(.text)
    USART_HalfDuplexCmd                      0x08001f01   Thumb Code    24  stm32f10x_usart.o(.text)
    USART_OverSampling8Cmd                   0x08001f19   Thumb Code    22  stm32f10x_usart.o(.text)
    USART_OneBitMethodCmd                    0x08001f2f   Thumb Code    24  stm32f10x_usart.o(.text)
    USART_IrDAConfig                         0x08001f47   Thumb Code    18  stm32f10x_usart.o(.text)
    USART_IrDACmd                            0x08001f59   Thumb Code    24  stm32f10x_usart.o(.text)
    USART_GetFlagStatus                      0x08001f71   Thumb Code    26  stm32f10x_usart.o(.text)
    USART_ClearFlag                          0x08001f8b   Thumb Code    18  stm32f10x_usart.o(.text)
    USART_GetITStatus                        0x08001f9d   Thumb Code    84  stm32f10x_usart.o(.text)
    USART_ClearITPendingBit                  0x08001ff1   Thumb Code    52  stm32f10x_usart.o(.text)
    MY_NVIC_SetVectorTable                   0x08002025   Thumb Code    12  sys.o(.text)
    MY_NVIC_PriorityGroupConfig              0x08002031   Thumb Code    36  sys.o(.text)
    MY_NVIC_Init                             0x08002055   Thumb Code   116  sys.o(.text)
    Ex_NVIC_Config                           0x080020c9   Thumb Code   146  sys.o(.text)
    MYRCC_DeInit                             0x0800215b   Thumb Code    90  sys.o(.text)
    Sys_Standby                              0x080021b5   Thumb Code    68  sys.o(.text)
    Sys_Soft_Reset                           0x080021f9   Thumb Code    12  sys.o(.text)
    JTAG_Set                                 0x08002205   Thumb Code    42  sys.o(.text)
    Stm32_Clock_Init                         0x0800222f   Thumb Code   134  sys.o(.text)
    delay_init                               0x080022e1   Thumb Code    50  delay.o(.text)
    delay_us                                 0x08002313   Thumb Code    72  delay.o(.text)
    delay_ms                                 0x0800235b   Thumb Code    72  delay.o(.text)
    _sys_exit                                0x080023b5   Thumb Code     4  usart.o(.text)
    fputc                                    0x080023b9   Thumb Code    54  usart.o(.text)
    uart_init                                0x080023ef   Thumb Code   124  usart.o(.text)
    LED_Init                                 0x0800247d   Thumb Code    40  led.o(.text)
    Led_Flash                                0x080024a5   Thumb Code    44  led.o(.text)
    Led_ShineForEvery2S                      0x080024d1   Thumb Code    50  led.o(.text)
    MiniBalance_Motor_Init                   0x08002515   Thumb Code    40  motor.o(.text)
    MiniBalance_PWM_Init                     0x0800253d   Thumb Code   164  motor.o(.text)
    Encoder_Init_TIM2                        0x080025ed   Thumb Code   186  encoder.o(.text)
    Encoder_Init_TIM4                        0x080026a7   Thumb Code   182  encoder.o(.text)
    Read_Encoder                             0x0800275d   Thumb Code    64  encoder.o(.text)
    TIM4_IRQHandler                          0x0800279d   Thumb Code    24  encoder.o(.text)
    TIM2_IRQHandler                          0x080027b5   Thumb Code    24  encoder.o(.text)
    IIC_Init                                 0x080027d5   Thumb Code    40  ioi2c.o(.text)
    IIC_Start                                0x080027fd   Thumb Code    96  ioi2c.o(.text)
    IIC_Stop                                 0x0800285d   Thumb Code    68  ioi2c.o(.text)
    IIC_Wait_Ack                             0x080028a1   Thumb Code    96  ioi2c.o(.text)
    IIC_Ack                                  0x08002901   Thumb Code    72  ioi2c.o(.text)
    IIC_NAck                                 0x08002949   Thumb Code    70  ioi2c.o(.text)
    IIC_Send_Byte                            0x0800298f   Thumb Code    94  ioi2c.o(.text)
    i2cWrite                                 0x080029ed   Thumb Code    96  ioi2c.o(.text)
    IIC_Read_Byte                            0x08002a4d   Thumb Code   104  ioi2c.o(.text)
    i2cRead                                  0x08002ab5   Thumb Code   118  ioi2c.o(.text)
    I2C_ReadOneByte                          0x08002b2b   Thumb Code    70  ioi2c.o(.text)
    IICreadBytes                             0x08002b71   Thumb Code   112  ioi2c.o(.text)
    IICwriteBytes                            0x08002be1   Thumb Code    70  ioi2c.o(.text)
    IICreadByte                              0x08002c27   Thumb Code    22  ioi2c.o(.text)
    IICwriteByte                             0x08002c3d   Thumb Code    20  ioi2c.o(.text)
    IICwriteBits                             0x08002c51   Thumb Code   106  ioi2c.o(.text)
    IICwriteBit                              0x08002cbb   Thumb Code    64  ioi2c.o(.text)
    MiniBalance_EXTI_Init                    0x08002cfd   Thumb Code   108  exti.o(.text)
    button0_init                             0x08002d69   Thumb Code   104  exti.o(.text)
    EXTI9_5_IRQHandler                       0x08002dd1   Thumb Code    46  exti.o(.text)
    button1_init                             0x08002dff   Thumb Code   104  exti.o(.text)
    EXTI2_IRQHandler                         0x08002e67   Thumb Code    56  exti.o(.text)
    button2_init                             0x08002e9f   Thumb Code   104  exti.o(.text)
    EXTI3_IRQHandler                         0x08002f07   Thumb Code    46  exti.o(.text)
    uart3_init                               0x08002f49   Thumb Code   162  usart3.o(.text)
    USART1_IRQHandler                        0x08002feb   Thumb Code   182  usart3.o(.text)
    Usart_SendByte                           0x080030a1   Thumb Code    30  usart3.o(.text)
    OLED_I2C_Init                            0x080030dd   Thumb Code    82  joled.o(.text)
    OLED_I2C_Start                           0x0800312f   Thumb Code    46  joled.o(.text)
    OLED_I2C_Stop                            0x0800315d   Thumb Code    34  joled.o(.text)
    OLED_I2C_SendByte                        0x0800317f   Thumb Code    86  joled.o(.text)
    OLED_WriteCommand                        0x080031d5   Thumb Code    32  joled.o(.text)
    OLED_WriteData                           0x080031f5   Thumb Code    32  joled.o(.text)
    OLED_SetCursor                           0x08003215   Thumb Code    34  joled.o(.text)
    OLED_Clear                               0x08003237   Thumb Code    42  joled.o(.text)
    OLED_ShowChar                            0x08003261   Thumb Code   110  joled.o(.text)
    OLED_ShowString                          0x080032cf   Thumb Code    40  joled.o(.text)
    OLED_Pow                                 0x080032f7   Thumb Code    20  joled.o(.text)
    OLED_ShowNum                             0x0800330b   Thumb Code    68  joled.o(.text)
    OLED_ShowSignedNum                       0x0800334f   Thumb Code   102  joled.o(.text)
    OLED_ShowHexNum                          0x080033b5   Thumb Code    84  joled.o(.text)
    OLED_ShowBinNum                          0x08003409   Thumb Code    62  joled.o(.text)
    OLED_Init                                0x08003447   Thumb Code   186  joled.o(.text)
    Balance                                  0x08003501   Thumb Code    64  pid.o(.text)
    Speed                                    0x08003541   Thumb Code   262  pid.o(.text)
    Turn                                     0x08003647   Thumb Code    76  pid.o(.text)
    myabs                                    0x080036d1   Thumb Code    14  control.o(.text)
    Set_Pwm                                  0x080036df   Thumb Code   102  control.o(.text)
    PWM_Limit                                0x08003745   Thumb Code    18  control.o(.text)
    Get_Angle                                0x08003757   Thumb Code   736  control.o(.text)
    EXTI15_10_IRQHandler                     0x08003a37   Thumb Code  1712  control.o(.text)
    Get_Velocity_Form_Encoder                0x080040e7   Thumb Code   120  control.o(.text)
    MPU6050_newValues                        0x0800429f   Thumb Code   494  mpu6050.o(.text)
    MPU6050_setClockSource                   0x0800448d   Thumb Code    20  mpu6050.o(.text)
    MPU6050_setFullScaleGyroRange            0x080044a1   Thumb Code    20  mpu6050.o(.text)
    MPU6050_setFullScaleAccelRange           0x080044b5   Thumb Code    20  mpu6050.o(.text)
    MPU6050_setSleepEnabled                  0x080044c9   Thumb Code    18  mpu6050.o(.text)
    MPU6050_getDeviceID                      0x080044db   Thumb Code    20  mpu6050.o(.text)
    MPU6050_testConnection                   0x080044ef   Thumb Code    18  mpu6050.o(.text)
    MPU6050_setI2CMasterModeEnabled          0x08004501   Thumb Code    18  mpu6050.o(.text)
    MPU6050_setI2CBypassEnabled              0x08004513   Thumb Code    18  mpu6050.o(.text)
    MPU6050_initialize                       0x08004525   Thumb Code    40  mpu6050.o(.text)
    DMP_Init                                 0x0800454d   Thumb Code   134  mpu6050.o(.text)
    Read_DMP                                 0x080045d3   Thumb Code   560  mpu6050.o(.text)
    Read_Temperature                         0x08004803   Thumb Code   110  mpu6050.o(.text)
    OLED_InitShow                            0x080048c5   Thumb Code   122  show.o(.text)
    OLED_ProcessShow                         0x0800493f   Thumb Code   148  show.o(.text)
    OLED_SleepShow                           0x080049d3   Thumb Code    24  show.o(.text)
    Kalman_Filter_x                          0x08004a4d   Thumb Code   558  filter.o(.text)
    Complementary_Filter_x                   0x08004c7b   Thumb Code    82  filter.o(.text)
    Kalman_Filter_y                          0x08004ccd   Thumb Code   680  filter.o(.text)
    Complementary_Filter_y                   0x08004f75   Thumb Code    82  filter.o(.text)
    dmp_load_motion_driver_firmware          0x08004ff9   Thumb Code    20  inv_mpu_dmp_motion_driver.o(.text)
    dmp_set_orientation                      0x0800500d   Thumb Code   290  inv_mpu_dmp_motion_driver.o(.text)
    dmp_set_gyro_bias                        0x0800512f   Thumb Code   294  inv_mpu_dmp_motion_driver.o(.text)
    dmp_set_accel_bias                       0x08005255   Thumb Code   300  inv_mpu_dmp_motion_driver.o(.text)
    dmp_set_fifo_rate                        0x08005381   Thumb Code   136  inv_mpu_dmp_motion_driver.o(.text)
    dmp_get_fifo_rate                        0x08005409   Thumb Code    12  inv_mpu_dmp_motion_driver.o(.text)
    dmp_set_tap_thresh                       0x08005415   Thumb Code   396  inv_mpu_dmp_motion_driver.o(.text)
    dmp_set_tap_axes                         0x080055a1   Thumb Code    70  inv_mpu_dmp_motion_driver.o(.text)
    dmp_set_tap_count                        0x080055e7   Thumb Code    38  inv_mpu_dmp_motion_driver.o(.text)
    dmp_set_tap_time                         0x0800560d   Thumb Code    38  inv_mpu_dmp_motion_driver.o(.text)
    dmp_set_tap_time_multi                   0x08005633   Thumb Code    38  inv_mpu_dmp_motion_driver.o(.text)
    dmp_set_shake_reject_thresh              0x08005659   Thumb Code    56  inv_mpu_dmp_motion_driver.o(.text)
    dmp_set_shake_reject_time                0x08005691   Thumb Code    38  inv_mpu_dmp_motion_driver.o(.text)
    dmp_set_shake_reject_timeout             0x080056b7   Thumb Code    38  inv_mpu_dmp_motion_driver.o(.text)
    dmp_get_pedometer_step_count             0x080056dd   Thumb Code    66  inv_mpu_dmp_motion_driver.o(.text)
    dmp_set_pedometer_step_count             0x0800571f   Thumb Code    42  inv_mpu_dmp_motion_driver.o(.text)
    dmp_get_pedometer_walk_time              0x08005749   Thumb Code    72  inv_mpu_dmp_motion_driver.o(.text)
    dmp_set_pedometer_walk_time              0x08005791   Thumb Code    48  inv_mpu_dmp_motion_driver.o(.text)
    dmp_enable_6x_lp_quat                    0x080057c1   Thumb Code    84  inv_mpu_dmp_motion_driver.o(.text)
    dmp_enable_lp_quat                       0x08005815   Thumb Code    60  inv_mpu_dmp_motion_driver.o(.text)
    dmp_enable_gyro_cal                      0x08005851   Thumb Code    62  inv_mpu_dmp_motion_driver.o(.text)
    dmp_enable_feature                       0x0800588f   Thumb Code   530  inv_mpu_dmp_motion_driver.o(.text)
    dmp_get_enabled_features                 0x08005aa1   Thumb Code    12  inv_mpu_dmp_motion_driver.o(.text)
    dmp_set_interrupt_mode                   0x08005b0b   Thumb Code    66  inv_mpu_dmp_motion_driver.o(.text)
    dmp_read_fifo                            0x08005b4d   Thumb Code   514  inv_mpu_dmp_motion_driver.o(.text)
    dmp_register_tap_cb                      0x08005d4f   Thumb Code    10  inv_mpu_dmp_motion_driver.o(.text)
    dmp_register_android_orient_cb           0x08005d59   Thumb Code    10  inv_mpu_dmp_motion_driver.o(.text)
    mpu_reg_dump                             0x08005df3   Thumb Code    72  inv_mpu.o(.text)
    mpu_read_reg                             0x08005e3b   Thumb Code    66  inv_mpu.o(.text)
    mpu_set_int_latched                      0x08005e7d   Thumb Code   102  inv_mpu.o(.text)
    mpu_set_sensors                          0x08005ee3   Thumb Code   202  inv_mpu.o(.text)
    mpu_set_bypass                           0x08005fad   Thumb Code   328  inv_mpu.o(.text)
    mpu_reset_fifo                           0x080060f5   Thumb Code   444  inv_mpu.o(.text)
    mpu_configure_fifo                       0x080062b1   Thumb Code   106  inv_mpu.o(.text)
    mpu_set_lpf                              0x0800631b   Thumb Code   126  inv_mpu.o(.text)
    mpu_lp_accel_mode                        0x08006399   Thumb Code   218  inv_mpu.o(.text)
    mpu_set_sample_rate                      0x08006473   Thumb Code   152  inv_mpu.o(.text)
    mpu_set_accel_fsr                        0x0800650b   Thumb Code   132  inv_mpu.o(.text)
    mpu_set_gyro_fsr                         0x0800658f   Thumb Code   132  inv_mpu.o(.text)
    mpu_init                                 0x08006613   Thumb Code   416  inv_mpu.o(.text)
    myget_ms                                 0x080067b3   Thumb Code     2  inv_mpu.o(.text)
    mpu_get_gyro_reg                         0x080067b5   Thumb Code   110  inv_mpu.o(.text)
    mpu_get_accel_reg                        0x08006823   Thumb Code   110  inv_mpu.o(.text)
    mpu_get_temperature                      0x08006891   Thumb Code   150  inv_mpu.o(.text)
    mpu_set_accel_bias                       0x08006927   Thumb Code   468  inv_mpu.o(.text)
    mpu_get_gyro_fsr                         0x08006afb   Thumb Code    64  inv_mpu.o(.text)
    mpu_get_accel_fsr                        0x08006b3b   Thumb Code    72  inv_mpu.o(.text)
    mpu_get_lpf                              0x08006b83   Thumb Code    74  inv_mpu.o(.text)
    mpu_get_sample_rate                      0x08006bcd   Thumb Code    26  inv_mpu.o(.text)
    mpu_get_compass_sample_rate              0x08006be7   Thumb Code    10  inv_mpu.o(.text)
    mpu_set_compass_sample_rate              0x08006bf1   Thumb Code     8  inv_mpu.o(.text)
    mpu_get_gyro_sens                        0x08006bf9   Thumb Code    58  inv_mpu.o(.text)
    mpu_get_accel_sens                       0x08006c33   Thumb Code    78  inv_mpu.o(.text)
    mpu_get_fifo_config                      0x08006c81   Thumb Code    12  inv_mpu.o(.text)
    mpu_get_power_state                      0x08006c8d   Thumb Code    22  inv_mpu.o(.text)
    mpu_get_int_status                       0x08006ca3   Thumb Code    64  inv_mpu.o(.text)
    mpu_read_fifo                            0x08006ce3   Thumb Code   520  inv_mpu.o(.text)
    mpu_read_fifo_stream                     0x08006eeb   Thumb Code   186  inv_mpu.o(.text)
    mpu_set_int_level                        0x08006fa5   Thumb Code    12  inv_mpu.o(.text)
    mpu_set_dmp_state                        0x08007685   Thumb Code   138  inv_mpu.o(.text)
    mpu_run_self_test                        0x0800770f   Thumb Code   278  inv_mpu.o(.text)
    mpu_write_mem                            0x08007825   Thumb Code   122  inv_mpu.o(.text)
    mpu_read_mem                             0x0800789f   Thumb Code   122  inv_mpu.o(.text)
    mpu_load_firmware                        0x08007919   Thumb Code   190  inv_mpu.o(.text)
    mpu_get_dmp_state                        0x080079d7   Thumb Code    14  inv_mpu.o(.text)
    mpu_get_compass_reg                      0x080079e5   Thumb Code     8  inv_mpu.o(.text)
    mpu_get_compass_fsr                      0x080079ed   Thumb Code     8  inv_mpu.o(.text)
    mpu_lp_motion_interrupt                  0x080079f5   Thumb Code   512  inv_mpu.o(.text)
    mul                                      0x08007bf9   Thumb Code   154  kf.o(.text)
    KF_X                                     0x08007c93   Thumb Code   666  kf.o(.text)
    KF_Y                                     0x08007f2d   Thumb Code   738  kf.o(.text)
    __use_no_semihosting                     0x08008225   Thumb Code     2  use_no_semi_2.o(.text)
    __aeabi_ldivmod                          0x08008227   Thumb Code     0  llsdiv.o(.text)
    _ll_sdiv                                 0x08008227   Thumb Code    72  llsdiv.o(.text)
    __2printf                                0x08008271   Thumb Code    20  noretval__2printf.o(.text)
    __printf                                 0x08008289   Thumb Code   104  __printf.o(.text)
    _printf_int_dec                          0x080082f1   Thumb Code   104  _printf_dec.o(.text)
    memcmp                                   0x08008369   Thumb Code    88  memcmp.o(.text)
    __aeabi_memset                           0x080083c1   Thumb Code    16  aeabi_memset.o(.text)
    __use_two_region_memory                  0x080083d1   Thumb Code     2  heapauxi.o(.text)
    __rt_heap_escrow$2region                 0x080083d3   Thumb Code     2  heapauxi.o(.text)
    __rt_heap_expand$2region                 0x080083d5   Thumb Code     2  heapauxi.o(.text)
    __I$use$semihosting                      0x080083d7   Thumb Code     0  use_no_semi.o(.text)
    __use_no_semihosting_swi                 0x080083d7   Thumb Code     2  use_no_semi.o(.text)
    __aeabi_uldivmod                         0x080083d9   Thumb Code     0  lludivv7m.o(.text)
    _ll_udiv                                 0x080083d9   Thumb Code   238  lludivv7m.o(.text)
    __read_errno                             0x080084c7   Thumb Code    10  _rserrno.o(.text)
    __set_errno                              0x080084d1   Thumb Code    12  _rserrno.o(.text)
    _printf_int_common                       0x080084dd   Thumb Code   178  _printf_intcommon.o(.text)
    _printf_char_file                        0x08008591   Thumb Code    32  _printf_char_file.o(.text)
    __aeabi_memclr                           0x080085b5   Thumb Code     0  rt_memclr.o(.text)
    __rt_memclr                              0x080085b5   Thumb Code    68  rt_memclr.o(.text)
    _memset                                  0x080085b9   Thumb Code     0  rt_memclr.o(.text)
    __aeabi_errno_addr                       0x080085f9   Thumb Code     8  rt_errno_addr_intlibspace.o(.text)
    __errno$intlibspace                      0x080085f9   Thumb Code     0  rt_errno_addr_intlibspace.o(.text)
    __rt_errno_addr$intlibspace              0x080085f9   Thumb Code     0  rt_errno_addr_intlibspace.o(.text)
    _printf_char_common                      0x0800860b   Thumb Code    32  _printf_char_common.o(.text)
    ferror                                   0x08008631   Thumb Code     8  ferror.o(.text)
    __aeabi_memclr4                          0x08008639   Thumb Code     0  rt_memclr_w.o(.text)
    __aeabi_memclr8                          0x08008639   Thumb Code     0  rt_memclr_w.o(.text)
    __rt_memclr_w                            0x08008639   Thumb Code    78  rt_memclr_w.o(.text)
    _memset_w                                0x0800863d   Thumb Code     0  rt_memclr_w.o(.text)
    __user_libspace                          0x08008689   Thumb Code     8  libspace.o(.text)
    __user_perproc_libspace                  0x08008689   Thumb Code     0  libspace.o(.text)
    __user_perthread_libspace                0x08008689   Thumb Code     0  libspace.o(.text)
    __user_setup_stackheap                   0x08008691   Thumb Code    74  sys_stackheap_outer.o(.text)
    exit                                     0x080086db   Thumb Code    18  exit.o(.text)
    __ARM_fpclassify                         0x080086ed   Thumb Code    40  fpclassify.o(i.__ARM_fpclassify)
    __kernel_poly                            0x08008715   Thumb Code   170  poly.o(i.__kernel_poly)
    __mathlib_dbl_infnan                     0x080087bf   Thumb Code     6  dunder.o(i.__mathlib_dbl_infnan)
    __mathlib_dbl_infnan2                    0x080087c5   Thumb Code     4  dunder.o(i.__mathlib_dbl_infnan2)
    __mathlib_dbl_invalid                    0x080087c9   Thumb Code    12  dunder.o(i.__mathlib_dbl_invalid)
    __mathlib_dbl_underflow                  0x080087d5   Thumb Code    10  dunder.o(i.__mathlib_dbl_underflow)
    asin                                     0x080087e5   Thumb Code   572  asin.o(i.asin)
    atan                                     0x08008a55   Thumb Code   474  atan.o(i.atan)
    atan2                                    0x08008c75   Thumb Code   346  atan2.o(i.atan2)
    sqrt                                     0x08008df5   Thumb Code    76  sqrt.o(i.sqrt)
    __aeabi_d2f                              0x08008e41   Thumb Code     0  d2f.o(x$fpl$d2f)
    _d2f                                     0x08008e41   Thumb Code    98  d2f.o(x$fpl$d2f)
    __aeabi_dadd                             0x08008ea5   Thumb Code     0  daddsub_clz.o(x$fpl$dadd)
    _dadd                                    0x08008ea5   Thumb Code   332  daddsub_clz.o(x$fpl$dadd)
    __fpl_dcheck_NaN1                        0x08008ff5   Thumb Code    10  dcheck1.o(x$fpl$dcheck1)
    __fpl_dcmp_Inf                           0x08009005   Thumb Code    24  dcmpi.o(x$fpl$dcmpinf)
    __aeabi_ddiv                             0x0800901d   Thumb Code     0  ddiv.o(x$fpl$ddiv)
    _ddiv                                    0x0800901d   Thumb Code   552  ddiv.o(x$fpl$ddiv)
    __aeabi_cdcmple                          0x080092cd   Thumb Code     0  dleqf.o(x$fpl$dleqf)
    _dcmple                                  0x080092cd   Thumb Code   120  dleqf.o(x$fpl$dleqf)
    __fpl_dcmple_InfNaN                      0x0800932f   Thumb Code     0  dleqf.o(x$fpl$dleqf)
    __aeabi_dmul                             0x08009345   Thumb Code     0  dmul.o(x$fpl$dmul)
    _dmul                                    0x08009345   Thumb Code   332  dmul.o(x$fpl$dmul)
    __fpl_dnaninf                            0x08009499   Thumb Code   156  dnaninf.o(x$fpl$dnaninf)
    __fpl_dretinf                            0x08009535   Thumb Code    12  dretinf.o(x$fpl$dretinf)
    __aeabi_cdrcmple                         0x08009541   Thumb Code     0  drleqf.o(x$fpl$drleqf)
    _drcmple                                 0x08009541   Thumb Code   108  drleqf.o(x$fpl$drleqf)
    __aeabi_drsub                            0x080095ad   Thumb Code     0  daddsub_clz.o(x$fpl$drsb)
    _drsb                                    0x080095ad   Thumb Code    22  daddsub_clz.o(x$fpl$drsb)
    _dsqrt                                   0x080095c5   Thumb Code   456  dsqrt_noumaal.o(x$fpl$dsqrt)
    __aeabi_dsub                             0x08009791   Thumb Code     0  daddsub_clz.o(x$fpl$dsub)
    _dsub                                    0x08009791   Thumb Code   464  daddsub_clz.o(x$fpl$dsub)
    __aeabi_f2d                              0x08009965   Thumb Code     0  f2d.o(x$fpl$f2d)
    _f2d                                     0x08009965   Thumb Code    86  f2d.o(x$fpl$f2d)
    __aeabi_fadd                             0x080099bd   Thumb Code     0  faddsub_clz.o(x$fpl$fadd)
    _fadd                                    0x080099bd   Thumb Code   196  faddsub_clz.o(x$fpl$fadd)
    __fpl_fcmp_Inf                           0x08009a81   Thumb Code    24  fcmpi.o(x$fpl$fcmpinf)
    __aeabi_fdiv                             0x08009a99   Thumb Code     0  fdiv.o(x$fpl$fdiv)
    _fdiv                                    0x08009a99   Thumb Code   384  fdiv.o(x$fpl$fdiv)
    __aeabi_cfcmpeq                          0x08009c1d   Thumb Code     0  feqf.o(x$fpl$feqf)
    _fcmpeq                                  0x08009c1d   Thumb Code   104  feqf.o(x$fpl$feqf)
    __aeabi_f2iz                             0x08009c85   Thumb Code     0  ffix.o(x$fpl$ffix)
    _ffix                                    0x08009c85   Thumb Code    54  ffix.o(x$fpl$ffix)
    __aeabi_f2uiz                            0x08009cbd   Thumb Code     0  ffixu.o(x$fpl$ffixu)
    _ffixu                                   0x08009cbd   Thumb Code    62  ffixu.o(x$fpl$ffixu)
    __aeabi_i2f                              0x08009cfd   Thumb Code     0  fflt_clz.o(x$fpl$fflt)
    _fflt                                    0x08009cfd   Thumb Code    48  fflt_clz.o(x$fpl$fflt)
    __aeabi_ui2f                             0x08009d2d   Thumb Code     0  fflt_clz.o(x$fpl$ffltu)
    _ffltu                                   0x08009d2d   Thumb Code    38  fflt_clz.o(x$fpl$ffltu)
    __aeabi_cfcmple                          0x08009d55   Thumb Code     0  fleqf.o(x$fpl$fleqf)
    _fcmple                                  0x08009d55   Thumb Code   104  fleqf.o(x$fpl$fleqf)
    __fpl_fcmple_InfNaN                      0x08009da7   Thumb Code     0  fleqf.o(x$fpl$fleqf)
    __aeabi_fmul                             0x08009dbd   Thumb Code     0  fmul.o(x$fpl$fmul)
    _fmul                                    0x08009dbd   Thumb Code   258  fmul.o(x$fpl$fmul)
    __fpl_fnaninf                            0x08009ebf   Thumb Code   140  fnaninf.o(x$fpl$fnaninf)
    __fpl_fretinf                            0x08009f4b   Thumb Code    10  fretinf.o(x$fpl$fretinf)
    __aeabi_cfrcmple                         0x08009f55   Thumb Code     0  frleqf.o(x$fpl$frleqf)
    _frcmple                                 0x08009f55   Thumb Code    98  frleqf.o(x$fpl$frleqf)
    __aeabi_frsub                            0x08009fb7   Thumb Code     0  faddsub_clz.o(x$fpl$frsb)
    _frsb                                    0x08009fb7   Thumb Code    20  faddsub_clz.o(x$fpl$frsb)
    __aeabi_fsub                             0x08009fcd   Thumb Code     0  faddsub_clz.o(x$fpl$fsub)
    _fsub                                    0x08009fcd   Thumb Code   234  faddsub_clz.o(x$fpl$fsub)
    __fpl_return_NaN                         0x0800a0b7   Thumb Code   100  retnan.o(x$fpl$retnan)
    __ARM_scalbn                             0x0800a11b   Thumb Code    92  scalbn.o(x$fpl$scalbn)
    __fpl_cmpreturn                          0x0800a177   Thumb Code    48  trapv.o(x$fpl$trapveneer)
    __I$use$fp                               0x0800a1a6   Number         0  usenofp.o(x$fpl$usenofp)
    hw                                       0x0800b38c   Data          12  inv_mpu.o(.constdata)
    reg                                      0x0800b398   Data          27  inv_mpu.o(.constdata)
    test                                     0x0800b3b4   Data          40  inv_mpu.o(.constdata)
    __mathlib_zero                           0x0800b580   Data           8  qnan.o(.constdata)
    Region$$Table$$Base                      0x0800b5d8   Number         0  anon$$obj.o(Region$$Table)
    Region$$Table$$Limit                     0x0800b5f8   Number         0  anon$$obj.o(Region$$Table)
    Way_Angle                                0x20000000   Data           1  minibalance.o(.data)
    Flag_Stop                                0x20000001   Data           1  minibalance.o(.data)
    Flag_Show                                0x20000002   Data           1  minibalance.o(.data)
    Flag_BlueTeethMode                       0x20000003   Data           1  minibalance.o(.data)
    ShowTime                                 0x20000004   Data           1  minibalance.o(.data)
    ShowLastTime                             0x20000005   Data           1  minibalance.o(.data)
    Motor_Left                               0x20000008   Data           4  minibalance.o(.data)
    Motor_Right                              0x2000000c   Data           4  minibalance.o(.data)
    Temperature                              0x20000010   Data           4  minibalance.o(.data)
    Angle_Balance                            0x20000014   Data           4  minibalance.o(.data)
    Gyro_Balance                             0x20000018   Data           4  minibalance.o(.data)
    Gyro_Turn                                0x2000001c   Data           4  minibalance.o(.data)
    delay_50                                 0x20000020   Data           1  minibalance.o(.data)
    delay_flag                               0x20000021   Data           1  minibalance.o(.data)
    PID_Send                                 0x20000022   Data           1  minibalance.o(.data)
    Acceleration_Z                           0x20000024   Data           4  minibalance.o(.data)
    Encoder_Left                             0x20000028   Data           2  minibalance.o(.data)
    Encoder_Right                            0x2000002a   Data           2  minibalance.o(.data)
    Velocity_Left                            0x2000002c   Data           4  minibalance.o(.data)
    Velocity_Right                           0x20000030   Data           4  minibalance.o(.data)
    pitch                                    0x20000034   Data           4  minibalance.o(.data)
    row                                      0x20000038   Data           4  minibalance.o(.data)
    yaw                                      0x2000003c   Data           4  minibalance.o(.data)
    gyrox                                    0x20000040   Data           4  minibalance.o(.data)
    gyroy                                    0x20000044   Data           4  minibalance.o(.data)
    gyroz                                    0x20000048   Data           4  minibalance.o(.data)
    accx                                     0x2000004c   Data           4  minibalance.o(.data)
    accy                                     0x20000050   Data           4  minibalance.o(.data)
    accz                                     0x20000054   Data           4  minibalance.o(.data)
    Balance_Kp                               0x20000058   Data           4  minibalance.o(.data)
    Balance_Kd                               0x2000005c   Data           4  minibalance.o(.data)
    Speed_Kp                                 0x20000060   Data           4  minibalance.o(.data)
    Speed_Ki                                 0x20000064   Data           4  minibalance.o(.data)
    Turn_Kp                                  0x20000068   Data           4  minibalance.o(.data)
    Turn_Kd                                  0x2000006c   Data           4  minibalance.o(.data)
    Speed_Bias                               0x20000070   Data           4  minibalance.o(.data)
    Turn_Bias                                0x20000074   Data           4  minibalance.o(.data)
    Scaler                                   0x20000078   Data           4  minibalance.o(.data)
    Bias                                     0x2000007c   Data           4  minibalance.o(.data)
    Flag_Sleep                               0x20000080   Data           1  minibalance.o(.data)
    Flag_Mode                                0x20000081   Data           1  minibalance.o(.data)
    Target_Speed                             0x20000084   Data           4  minibalance.o(.data)
    Target_Turn                              0x20000088   Data           2  minibalance.o(.data)
    Turn_Right                               0x2000008a   Data           2  minibalance.o(.data)
    Turn_Left                                0x2000008c   Data           2  minibalance.o(.data)
    Distance                                 0x20000090   Data           4  minibalance.o(.data)
    Goal_Balance_Angle                       0x20000094   Data           4  minibalance.o(.data)
    count                                    0x20000098   Data           4  minibalance.o(.data)
    Turn_Bias_Small                          0x2000009c   Data           4  minibalance.o(.data)
    BlueTooth_Mode                           0x200000a0   Data           4  minibalance.o(.data)
    SystemCoreClock                          0x200000a4   Data           4  system_stm32f10x.o(.data)
    AHBPrescTable                            0x200000a8   Data          16  system_stm32f10x.o(.data)
    __stdout                                 0x200000d0   Data           4  usart.o(.data)
    Usart3_Receive                           0x200000d8   Data           1  usart3.o(.data)
    gyro                                     0x200000ec   Data           6  mpu6050.o(.data)
    accel                                    0x200000f2   Data           6  mpu6050.o(.data)
    sensors                                  0x200000f8   Data           2  mpu6050.o(.data)
    Roll                                     0x200000fc   Data           4  mpu6050.o(.data)
    Pitch                                    0x20000100   Data           4  mpu6050.o(.data)
    Yaw                                      0x20000104   Data           4  mpu6050.o(.data)
    q0                                       0x20000108   Data           4  mpu6050.o(.data)
    q1                                       0x2000010c   Data           4  mpu6050.o(.data)
    q2                                       0x20000110   Data           4  mpu6050.o(.data)
    q3                                       0x20000114   Data           4  mpu6050.o(.data)
    Gx_offset                                0x20000122   Data           2  mpu6050.o(.data)
    Gy_offset                                0x20000124   Data           2  mpu6050.o(.data)
    Gz_offset                                0x20000126   Data           2  mpu6050.o(.data)
    dt                                       0x20000128   Data           4  filter.o(.data)
    buffer                                   0x20000228   Data          14  mpu6050.o(.bss)
    MPU6050_FIFO                             0x20000236   Data         132  mpu6050.o(.bss)
    __libspace_start                         0x2000030c   Data          96  libspace.o(.bss)
    __temporary_stack_top$libspace           0x2000036c   Data           0  libspace.o(.bss)



==============================================================================

Memory Map of the image

  Image Entry point : 0x080000ed

  Load Region LR_IROM1 (Base: 0x08000000, Size: 0x0000b820, Max: 0x00010000, ABSOLUTE, COMPRESSED[0x0000b64c])

    Execution Region ER_IROM1 (Exec base: 0x08000000, Load base: 0x08000000, Size: 0x0000b5f8, Max: 0x00010000, ABSOLUTE)

    Exec Addr    Load Addr    Size         Type   Attr      Idx    E Section Name        Object

    0x08000000   0x08000000   0x000000ec   Data   RO          237    RESET               startup_stm32f10x_md.o
    0x080000ec   0x080000ec   0x00000008   Code   RO          947  * !!!main             c_w.l(__main.o)
    0x080000f4   0x080000f4   0x00000034   Code   RO         1280    !!!scatter          c_w.l(__scatter.o)
    0x08000128   0x08000128   0x0000005a   Code   RO         1278    !!dczerorl2         c_w.l(__dczerorl2.o)
    0x08000182   0x08000182   0x00000002   PAD
    0x08000184   0x08000184   0x0000001c   Code   RO         1282    !!handler_zi        c_w.l(__scatter_zi.o)
    0x080001a0   0x080001a0   0x00000000   Code   RO          940    .ARM.Collect$$_printf_percent$$00000000  c_w.l(_printf_percent.o)
    0x080001a0   0x080001a0   0x00000006   Code   RO          939    .ARM.Collect$$_printf_percent$$00000009  c_w.l(_printf_d.o)
    0x080001a6   0x080001a6   0x00000004   Code   RO         1040    .ARM.Collect$$_printf_percent$$00000017  c_w.l(_printf_percent_end.o)
    0x080001aa   0x080001aa   0x00000002   Code   RO         1147    .ARM.Collect$$libinit$$00000000  c_w.l(libinit.o)
    0x080001ac   0x080001ac   0x00000000   Code   RO         1157    .ARM.Collect$$libinit$$00000002  c_w.l(libinit2.o)
    0x080001ac   0x080001ac   0x00000000   Code   RO         1159    .ARM.Collect$$libinit$$00000004  c_w.l(libinit2.o)
    0x080001ac   0x080001ac   0x00000000   Code   RO         1162    .ARM.Collect$$libinit$$0000000A  c_w.l(libinit2.o)
    0x080001ac   0x080001ac   0x00000000   Code   RO         1164    .ARM.Collect$$libinit$$0000000C  c_w.l(libinit2.o)
    0x080001ac   0x080001ac   0x00000000   Code   RO         1166    .ARM.Collect$$libinit$$0000000E  c_w.l(libinit2.o)
    0x080001ac   0x080001ac   0x00000000   Code   RO         1169    .ARM.Collect$$libinit$$00000011  c_w.l(libinit2.o)
    0x080001ac   0x080001ac   0x00000000   Code   RO         1171    .ARM.Collect$$libinit$$00000013  c_w.l(libinit2.o)
    0x080001ac   0x080001ac   0x00000000   Code   RO         1173    .ARM.Collect$$libinit$$00000015  c_w.l(libinit2.o)
    0x080001ac   0x080001ac   0x00000000   Code   RO         1175    .ARM.Collect$$libinit$$00000017  c_w.l(libinit2.o)
    0x080001ac   0x080001ac   0x00000000   Code   RO         1177    .ARM.Collect$$libinit$$00000019  c_w.l(libinit2.o)
    0x080001ac   0x080001ac   0x00000000   Code   RO         1179    .ARM.Collect$$libinit$$0000001B  c_w.l(libinit2.o)
    0x080001ac   0x080001ac   0x00000000   Code   RO         1181    .ARM.Collect$$libinit$$0000001D  c_w.l(libinit2.o)
    0x080001ac   0x080001ac   0x00000000   Code   RO         1183    .ARM.Collect$$libinit$$0000001F  c_w.l(libinit2.o)
    0x080001ac   0x080001ac   0x00000000   Code   RO         1185    .ARM.Collect$$libinit$$00000021  c_w.l(libinit2.o)
    0x080001ac   0x080001ac   0x00000000   Code   RO         1187    .ARM.Collect$$libinit$$00000023  c_w.l(libinit2.o)
    0x080001ac   0x080001ac   0x00000000   Code   RO         1189    .ARM.Collect$$libinit$$00000025  c_w.l(libinit2.o)
    0x080001ac   0x080001ac   0x00000000   Code   RO         1193    .ARM.Collect$$libinit$$0000002C  c_w.l(libinit2.o)
    0x080001ac   0x080001ac   0x00000000   Code   RO         1195    .ARM.Collect$$libinit$$0000002E  c_w.l(libinit2.o)
    0x080001ac   0x080001ac   0x00000000   Code   RO         1197    .ARM.Collect$$libinit$$00000030  c_w.l(libinit2.o)
    0x080001ac   0x080001ac   0x00000000   Code   RO         1199    .ARM.Collect$$libinit$$00000032  c_w.l(libinit2.o)
    0x080001ac   0x080001ac   0x00000002   Code   RO         1200    .ARM.Collect$$libinit$$00000033  c_w.l(libinit2.o)
    0x080001ae   0x080001ae   0x00000002   Code   RO         1230    .ARM.Collect$$libshutdown$$00000000  c_w.l(libshutdown.o)
    0x080001b0   0x080001b0   0x00000000   Code   RO         1244    .ARM.Collect$$libshutdown$$00000002  c_w.l(libshutdown2.o)
    0x080001b0   0x080001b0   0x00000000   Code   RO         1246    .ARM.Collect$$libshutdown$$00000004  c_w.l(libshutdown2.o)
    0x080001b0   0x080001b0   0x00000000   Code   RO         1249    .ARM.Collect$$libshutdown$$00000007  c_w.l(libshutdown2.o)
    0x080001b0   0x080001b0   0x00000000   Code   RO         1252    .ARM.Collect$$libshutdown$$0000000A  c_w.l(libshutdown2.o)
    0x080001b0   0x080001b0   0x00000000   Code   RO         1254    .ARM.Collect$$libshutdown$$0000000C  c_w.l(libshutdown2.o)
    0x080001b0   0x080001b0   0x00000000   Code   RO         1257    .ARM.Collect$$libshutdown$$0000000F  c_w.l(libshutdown2.o)
    0x080001b0   0x080001b0   0x00000002   Code   RO         1258    .ARM.Collect$$libshutdown$$00000010  c_w.l(libshutdown2.o)
    0x080001b2   0x080001b2   0x00000000   Code   RO         1031    .ARM.Collect$$rtentry$$00000000  c_w.l(__rtentry.o)
    0x080001b2   0x080001b2   0x00000000   Code   RO         1096    .ARM.Collect$$rtentry$$00000002  c_w.l(__rtentry2.o)
    0x080001b2   0x080001b2   0x00000006   Code   RO         1108    .ARM.Collect$$rtentry$$00000004  c_w.l(__rtentry4.o)
    0x080001b8   0x080001b8   0x00000000   Code   RO         1098    .ARM.Collect$$rtentry$$00000009  c_w.l(__rtentry2.o)
    0x080001b8   0x080001b8   0x00000004   Code   RO         1099    .ARM.Collect$$rtentry$$0000000A  c_w.l(__rtentry2.o)
    0x080001bc   0x080001bc   0x00000000   Code   RO         1101    .ARM.Collect$$rtentry$$0000000C  c_w.l(__rtentry2.o)
    0x080001bc   0x080001bc   0x00000008   Code   RO         1102    .ARM.Collect$$rtentry$$0000000D  c_w.l(__rtentry2.o)
    0x080001c4   0x080001c4   0x00000002   Code   RO         1150    .ARM.Collect$$rtexit$$00000000  c_w.l(rtexit.o)
    0x080001c6   0x080001c6   0x00000000   Code   RO         1204    .ARM.Collect$$rtexit$$00000002  c_w.l(rtexit2.o)
    0x080001c6   0x080001c6   0x00000004   Code   RO         1205    .ARM.Collect$$rtexit$$00000003  c_w.l(rtexit2.o)
    0x080001ca   0x080001ca   0x00000006   Code   RO         1206    .ARM.Collect$$rtexit$$00000004  c_w.l(rtexit2.o)
    0x080001d0   0x080001d0   0x0000000c   Code   RO          546    .emb_text           sys.o
    0x080001dc   0x080001dc   0x000000f0   Code   RO            1    .text               minibalance.o
    0x080002cc   0x080002cc   0x0000001a   Code   RO          191    .text               stm32f10x_it.o
    0x080002e6   0x080002e6   0x00000002   PAD
    0x080002e8   0x080002e8   0x000001e0   Code   RO          206    .text               system_stm32f10x.o
    0x080004c8   0x080004c8   0x00000040   Code   RO          238    .text               startup_stm32f10x_md.o
    0x08000508   0x08000508   0x000000dc   Code   RO          242    .text               misc.o
    0x080005e4   0x080005e4   0x0000011c   Code   RO          376    .text               stm32f10x_exti.o
    0x08000700   0x08000700   0x0000035c   Code   RO          412    .text               stm32f10x_gpio.o
    0x08000a5c   0x08000a5c   0x000003a4   Code   RO          460    .text               stm32f10x_rcc.o
    0x08000e00   0x08000e00   0x00000e1a   Code   RO          510    .text               stm32f10x_tim.o
    0x08001c1a   0x08001c1a   0x00000002   PAD
    0x08001c1c   0x08001c1c   0x00000408   Code   RO          522    .text               stm32f10x_usart.o
    0x08002024   0x08002024   0x000002bc   Code   RO          547    .text               sys.o
    0x080022e0   0x080022e0   0x000000d4   Code   RO          574    .text               delay.o
    0x080023b4   0x080023b4   0x000000c8   Code   RO          588    .text               usart.o
    0x0800247c   0x0800247c   0x00000098   Code   RO          607    .text               led.o
    0x08002514   0x08002514   0x000000d8   Code   RO          620    .text               motor.o
    0x080025ec   0x080025ec   0x000001e8   Code   RO          647    .text               encoder.o
    0x080027d4   0x080027d4   0x00000526   Code   RO          671    .text               ioi2c.o
    0x08002cfa   0x08002cfa   0x00000002   PAD
    0x08002cfc   0x08002cfc   0x0000024c   Code   RO          683    .text               exti.o
    0x08002f48   0x08002f48   0x00000194   Code   RO          699    .text               usart3.o
    0x080030dc   0x080030dc   0x00000424   Code   RO          718    .text               joled.o
    0x08003500   0x08003500   0x000001d0   Code   RO          735    .text               pid.o
    0x080036d0   0x080036d0   0x00000ac8   Code   RO          749    .text               control.o
    0x08004198   0x08004198   0x0000072c   Code   RO          772    .text               mpu6050.o
    0x080048c4   0x080048c4   0x00000188   Code   RO          796    .text               show.o
    0x08004a4c   0x08004a4c   0x000005ac   Code   RO          835    .text               filter.o
    0x08004ff8   0x08004ff8   0x00000d70   Code   RO          851    .text               inv_mpu_dmp_motion_driver.o
    0x08005d68   0x08005d68   0x00001e90   Code   RO          866    .text               inv_mpu.o
    0x08007bf8   0x08007bf8   0x0000062c   Code   RO          890    .text               kf.o
    0x08008224   0x08008224   0x00000002   Code   RO          907    .text               c_w.l(use_no_semi_2.o)
    0x08008226   0x08008226   0x00000048   Code   RO          909    .text               c_w.l(llsdiv.o)
    0x0800826e   0x0800826e   0x00000002   PAD
    0x08008270   0x08008270   0x00000018   Code   RO          913    .text               c_w.l(noretval__2printf.o)
    0x08008288   0x08008288   0x00000068   Code   RO          915    .text               c_w.l(__printf.o)
    0x080082f0   0x080082f0   0x00000078   Code   RO          917    .text               c_w.l(_printf_dec.o)
    0x08008368   0x08008368   0x00000058   Code   RO          941    .text               c_w.l(memcmp.o)
    0x080083c0   0x080083c0   0x00000010   Code   RO          943    .text               c_w.l(aeabi_memset.o)
    0x080083d0   0x080083d0   0x00000006   Code   RO          945    .text               c_w.l(heapauxi.o)
    0x080083d6   0x080083d6   0x00000002   Code   RO         1029    .text               c_w.l(use_no_semi.o)
    0x080083d8   0x080083d8   0x000000ee   Code   RO         1032    .text               c_w.l(lludivv7m.o)
    0x080084c6   0x080084c6   0x00000016   Code   RO         1034    .text               c_w.l(_rserrno.o)
    0x080084dc   0x080084dc   0x000000b2   Code   RO         1036    .text               c_w.l(_printf_intcommon.o)
    0x0800858e   0x0800858e   0x00000002   PAD
    0x08008590   0x08008590   0x00000024   Code   RO         1038    .text               c_w.l(_printf_char_file.o)
    0x080085b4   0x080085b4   0x00000044   Code   RO         1041    .text               c_w.l(rt_memclr.o)
    0x080085f8   0x080085f8   0x00000008   Code   RO         1117    .text               c_w.l(rt_errno_addr_intlibspace.o)
    0x08008600   0x08008600   0x00000030   Code   RO         1119    .text               c_w.l(_printf_char_common.o)
    0x08008630   0x08008630   0x00000008   Code   RO         1121    .text               c_w.l(ferror.o)
    0x08008638   0x08008638   0x0000004e   Code   RO         1125    .text               c_w.l(rt_memclr_w.o)
    0x08008686   0x08008686   0x00000002   PAD
    0x08008688   0x08008688   0x00000008   Code   RO         1131    .text               c_w.l(libspace.o)
    0x08008690   0x08008690   0x0000004a   Code   RO         1134    .text               c_w.l(sys_stackheap_outer.o)
    0x080086da   0x080086da   0x00000012   Code   RO         1140    .text               c_w.l(exit.o)
    0x080086ec   0x080086ec   0x00000028   Code   RO         1082    i.__ARM_fpclassify  m_ws.l(fpclassify.o)
    0x08008714   0x08008714   0x000000aa   Code   RO         1084    i.__kernel_poly     m_ws.l(poly.o)
    0x080087be   0x080087be   0x00000006   Code   RO         1069    i.__mathlib_dbl_infnan  m_ws.l(dunder.o)
    0x080087c4   0x080087c4   0x00000004   Code   RO         1070    i.__mathlib_dbl_infnan2  m_ws.l(dunder.o)
    0x080087c8   0x080087c8   0x0000000c   Code   RO         1071    i.__mathlib_dbl_invalid  m_ws.l(dunder.o)
    0x080087d4   0x080087d4   0x00000010   Code   RO         1074    i.__mathlib_dbl_underflow  m_ws.l(dunder.o)
    0x080087e4   0x080087e4   0x00000270   Code   RO         1012    i.asin              m_ws.l(asin.o)
    0x08008a54   0x08008a54   0x00000220   Code   RO         1059    i.atan              m_ws.l(atan.o)
    0x08008c74   0x08008c74   0x00000180   Code   RO         1022    i.atan2             m_ws.l(atan2.o)
    0x08008df4   0x08008df4   0x0000004c   Code   RO         1088    i.sqrt              m_ws.l(sqrt.o)
    0x08008e40   0x08008e40   0x00000062   Code   RO          949    x$fpl$d2f           fz_ws.l(d2f.o)
    0x08008ea2   0x08008ea2   0x00000002   PAD
    0x08008ea4   0x08008ea4   0x00000150   Code   RO          951    x$fpl$dadd          fz_ws.l(daddsub_clz.o)
    0x08008ff4   0x08008ff4   0x00000010   Code   RO         1127    x$fpl$dcheck1       fz_ws.l(dcheck1.o)
    0x08009004   0x08009004   0x00000018   Code   RO         1043    x$fpl$dcmpinf       fz_ws.l(dcmpi.o)
    0x0800901c   0x0800901c   0x000002b0   Code   RO          958    x$fpl$ddiv          fz_ws.l(ddiv.o)
    0x080092cc   0x080092cc   0x00000078   Code   RO          971    x$fpl$dleqf         fz_ws.l(dleqf.o)
    0x08009344   0x08009344   0x00000154   Code   RO          973    x$fpl$dmul          fz_ws.l(dmul.o)
    0x08009498   0x08009498   0x0000009c   Code   RO         1045    x$fpl$dnaninf       fz_ws.l(dnaninf.o)
    0x08009534   0x08009534   0x0000000c   Code   RO         1047    x$fpl$dretinf       fz_ws.l(dretinf.o)
    0x08009540   0x08009540   0x0000006c   Code   RO          975    x$fpl$drleqf        fz_ws.l(drleqf.o)
    0x080095ac   0x080095ac   0x00000016   Code   RO          952    x$fpl$drsb          fz_ws.l(daddsub_clz.o)
    0x080095c2   0x080095c2   0x00000002   PAD
    0x080095c4   0x080095c4   0x000001cc   Code   RO         1129    x$fpl$dsqrt         fz_ws.l(dsqrt_noumaal.o)
    0x08009790   0x08009790   0x000001d4   Code   RO          953    x$fpl$dsub          fz_ws.l(daddsub_clz.o)
    0x08009964   0x08009964   0x00000056   Code   RO          977    x$fpl$f2d           fz_ws.l(f2d.o)
    0x080099ba   0x080099ba   0x00000002   PAD
    0x080099bc   0x080099bc   0x000000c4   Code   RO          979    x$fpl$fadd          fz_ws.l(faddsub_clz.o)
    0x08009a80   0x08009a80   0x00000018   Code   RO         1049    x$fpl$fcmpinf       fz_ws.l(fcmpi.o)
    0x08009a98   0x08009a98   0x00000184   Code   RO          986    x$fpl$fdiv          fz_ws.l(fdiv.o)
    0x08009c1c   0x08009c1c   0x00000068   Code   RO          989    x$fpl$feqf          fz_ws.l(feqf.o)
    0x08009c84   0x08009c84   0x00000036   Code   RO          991    x$fpl$ffix          fz_ws.l(ffix.o)
    0x08009cba   0x08009cba   0x00000002   PAD
    0x08009cbc   0x08009cbc   0x0000003e   Code   RO          995    x$fpl$ffixu         fz_ws.l(ffixu.o)
    0x08009cfa   0x08009cfa   0x00000002   PAD
    0x08009cfc   0x08009cfc   0x00000030   Code   RO         1000    x$fpl$fflt          fz_ws.l(fflt_clz.o)
    0x08009d2c   0x08009d2c   0x00000026   Code   RO          999    x$fpl$ffltu         fz_ws.l(fflt_clz.o)
    0x08009d52   0x08009d52   0x00000002   PAD
    0x08009d54   0x08009d54   0x00000068   Code   RO         1005    x$fpl$fleqf         fz_ws.l(fleqf.o)
    0x08009dbc   0x08009dbc   0x00000102   Code   RO         1007    x$fpl$fmul          fz_ws.l(fmul.o)
    0x08009ebe   0x08009ebe   0x0000008c   Code   RO         1051    x$fpl$fnaninf       fz_ws.l(fnaninf.o)
    0x08009f4a   0x08009f4a   0x0000000a   Code   RO         1053    x$fpl$fretinf       fz_ws.l(fretinf.o)
    0x08009f54   0x08009f54   0x00000062   Code   RO         1009    x$fpl$frleqf        fz_ws.l(frleqf.o)
    0x08009fb6   0x08009fb6   0x00000014   Code   RO          980    x$fpl$frsb          fz_ws.l(faddsub_clz.o)
    0x08009fca   0x08009fca   0x00000002   PAD
    0x08009fcc   0x08009fcc   0x000000ea   Code   RO          981    x$fpl$fsub          fz_ws.l(faddsub_clz.o)
    0x0800a0b6   0x0800a0b6   0x00000064   Code   RO         1148    x$fpl$retnan        fz_ws.l(retnan.o)
    0x0800a11a   0x0800a11a   0x0000005c   Code   RO         1055    x$fpl$scalbn        fz_ws.l(scalbn.o)
    0x0800a176   0x0800a176   0x00000030   Code   RO         1201    x$fpl$trapveneer    fz_ws.l(trapv.o)
    0x0800a1a6   0x0800a1a6   0x00000000   Code   RO         1057    x$fpl$usenofp       fz_ws.l(usenofp.o)
    0x0800a1a6   0x0800a1a6   0x000005f0   Data   RO          719    .constdata          joled.o
    0x0800a796   0x0800a796   0x00000bf6   Data   RO          853    .constdata          inv_mpu_dmp_motion_driver.o
    0x0800b38c   0x0800b38c   0x00000050   Data   RO          867    .constdata          inv_mpu.o
    0x0800b3dc   0x0800b3dc   0x000000b8   Data   RO          892    .constdata          kf.o
    0x0800b494   0x0800b494   0x00000004   PAD
    0x0800b498   0x0800b498   0x00000050   Data   RO         1013    .constdata          m_ws.l(asin.o)
    0x0800b4e8   0x0800b4e8   0x00000098   Data   RO         1060    .constdata          m_ws.l(atan.o)
    0x0800b580   0x0800b580   0x00000008   Data   RO         1086    .constdata          m_ws.l(qnan.o)
    0x0800b588   0x0800b588   0x0000004e   Data   RO          868    .conststring        inv_mpu.o
    0x0800b5d6   0x0800b5d6   0x00000002   PAD
    0x0800b5d8   0x0800b5d8   0x00000020   Data   RO         1276    Region$$Table       anon$$obj.o


    Execution Region RW_IRAM1 (Exec base: 0x20000000, Load base: 0x0800b5f8, Size: 0x00000970, Max: 0x00005000, ABSOLUTE, COMPRESSED[0x00000054])

    Exec Addr    Load Addr    Size         Type   Attr      Idx    E Section Name        Object

    0x20000000   COMPRESSED   0x000000a4   Data   RW            2    .data               minibalance.o
    0x200000a4   COMPRESSED   0x00000014   Data   RW          207    .data               system_stm32f10x.o
    0x200000b8   COMPRESSED   0x00000014   Data   RW          461    .data               stm32f10x_rcc.o
    0x200000cc   COMPRESSED   0x00000004   Data   RW          575    .data               delay.o
    0x200000d0   COMPRESSED   0x00000004   Data   RW          589    .data               usart.o
    0x200000d4   COMPRESSED   0x00000004   Data   RW          608    .data               led.o
    0x200000d8   COMPRESSED   0x00000008   Data   RW          700    .data               usart3.o
    0x200000e0   COMPRESSED   0x0000000c   Data   RW          736    .data               pid.o
    0x200000ec   COMPRESSED   0x0000003c   Data   RW          774    .data               mpu6050.o
    0x20000128   COMPRESSED   0x00000084   Data   RW          837    .data               filter.o
    0x200001ac   COMPRESSED   0x0000002c   Data   RW          869    .data               inv_mpu.o
    0x200001d8   COMPRESSED   0x00000050   Data   RW          893    .data               kf.o
    0x20000228        -       0x00000092   Zero   RW          773    .bss                mpu6050.o
    0x200002ba   COMPRESSED   0x00000002   PAD
    0x200002bc        -       0x00000020   Zero   RW          836    .bss                filter.o
    0x200002dc        -       0x00000010   Zero   RW          852    .bss                inv_mpu_dmp_motion_driver.o
    0x200002ec        -       0x00000020   Zero   RW          891    .bss                kf.o
    0x2000030c        -       0x00000060   Zero   RW         1132    .bss                c_w.l(libspace.o)
    0x2000036c   COMPRESSED   0x00000004   PAD
    0x20000370        -       0x00000200   Zero   RW          236    HEAP                startup_stm32f10x_md.o
    0x20000570        -       0x00000400   Zero   RW          235    STACK               startup_stm32f10x_md.o


==============================================================================

Image component sizes


      Code (inc. data)   RO Data    RW Data    ZI Data      Debug   Object Name

      2760        396          0          0          0       3455   control.o
         0          0          0          0          0         32   core_cm3.o
       212         18          0          4          0       1015   delay.o
       488          8          0          0          0       1599   encoder.o
       588         20          0          0          0       1880   exti.o
      1452        170          0        132         32       2489   filter.o
      7824        172        158         44          0      21627   inv_mpu.o
      3440        126       3062          0         16      15135   inv_mpu_dmp_motion_driver.o
      1318         12          0          0          0       5814   ioi2c.o
      1060         12       1520          0          0       5019   joled.o
      1580         90        184         80         32       3264   kf.o
       152         18          0          4          0        917   led.o
       240         16          0        164          0     252192   minibalance.o
       220         22          0          0          0     207285   misc.o
       216         12          0          0          0        974   motor.o
      1836         84          0         60        146      20846   mpu6050.o
       464         62          0         12          0       1497   pid.o
       392         98          0          0          0        748   show.o
        64         26        236          0       1536        812   startup_stm32f10x_md.o
       284         10          0          0          0       2227   stm32f10x_exti.o
       860         38          0          0          0       5705   stm32f10x_gpio.o
        26          0          0          0          0       1174   stm32f10x_it.o
       932         36          0         20          0       8872   stm32f10x_rcc.o
      3610         88          0          0          0      22812   stm32f10x_tim.o
      1032         22          0          0          0       8428   stm32f10x_usart.o
       712         44          0          0          0       2811   sys.o
       480         38          0         20          0       1695   system_stm32f10x.o
       200         18          0          4          0       2734   usart.o
       404         30          0          8          0       2090   usart3.o

    ----------------------------------------------------------------------
     32852       1686       5198        552       1764     605148   Object Totals
         0          0         32          0          0          0   (incl. Generated)
         6          0          6          0          2          0   (incl. Padding)

    ----------------------------------------------------------------------

      Code (inc. data)   RO Data    RW Data    ZI Data      Debug   Library Member Name

        90          0          0          0          0          0   __dczerorl2.o
         8          0          0          0          0         68   __main.o
       104          0          0          0          0         84   __printf.o
         0          0          0          0          0          0   __rtentry.o
        12          0          0          0          0          0   __rtentry2.o
         6          0          0          0          0          0   __rtentry4.o
        52          8          0          0          0          0   __scatter.o
        28          0          0          0          0          0   __scatter_zi.o
        48          6          0          0          0         96   _printf_char_common.o
        36          4          0          0          0         80   _printf_char_file.o
         6          0          0          0          0          0   _printf_d.o
       120         16          0          0          0         92   _printf_dec.o
       178          0          0          0          0         88   _printf_intcommon.o
         0          0          0          0          0          0   _printf_percent.o
         4          0          0          0          0          0   _printf_percent_end.o
        22          0          0          0          0        100   _rserrno.o
        16          0          0          0          0         68   aeabi_memset.o
        18          0          0          0          0         80   exit.o
         8          0          0          0          0         68   ferror.o
         6          0          0          0          0        152   heapauxi.o
         2          0          0          0          0          0   libinit.o
         2          0          0          0          0          0   libinit2.o
         2          0          0          0          0          0   libshutdown.o
         2          0          0          0          0          0   libshutdown2.o
         8          4          0          0         96         68   libspace.o
        72          0          0          0          0         76   llsdiv.o
       238          0          0          0          0        100   lludivv7m.o
        88          0          0          0          0         76   memcmp.o
        24          4          0          0          0         84   noretval__2printf.o
         8          4          0          0          0         68   rt_errno_addr_intlibspace.o
        68          0          0          0          0         68   rt_memclr.o
        78          0          0          0          0         80   rt_memclr_w.o
         2          0          0          0          0          0   rtexit.o
        10          0          0          0          0          0   rtexit2.o
        74          0          0          0          0         80   sys_stackheap_outer.o
         2          0          0          0          0         68   use_no_semi.o
         2          0          0          0          0         68   use_no_semi_2.o
        98          4          0          0          0         92   d2f.o
       826         16          0          0          0        348   daddsub_clz.o
        16          4          0          0          0         68   dcheck1.o
        24          0          0          0          0         68   dcmpi.o
       688        140          0          0          0        208   ddiv.o
       120          4          0          0          0         92   dleqf.o
       340         12          0          0          0        104   dmul.o
       156          4          0          0          0         92   dnaninf.o
        12          0          0          0          0         68   dretinf.o
       108          0          0          0          0         80   drleqf.o
       460         56          0          0          0        120   dsqrt_noumaal.o
        86          4          0          0          0         84   f2d.o
       450          8          0          0          0        236   faddsub_clz.o
        24          0          0          0          0         68   fcmpi.o
       388         76          0          0          0         96   fdiv.o
       104          4          0          0          0         84   feqf.o
        54          4          0          0          0         84   ffix.o
        62          4          0          0          0         84   ffixu.o
        86          0          0          0          0        136   fflt_clz.o
       104          4          0          0          0         84   fleqf.o
       258          4          0          0          0         84   fmul.o
       140          4          0          0          0         84   fnaninf.o
        10          0          0          0          0         68   fretinf.o
        98          0          0          0          0         68   frleqf.o
       100          0          0          0          0         68   retnan.o
        92          0          0          0          0         68   scalbn.o
        48          0          0          0          0         68   trapv.o
         0          0          0          0          0          0   usenofp.o
       624         52         80          0          0        168   asin.o
       544         70        152          0          0        124   atan.o
       384         38          0          0          0        144   atan2.o
        38          6          0          0          0        272   dunder.o
        40          0          0          0          0         68   fpclassify.o
       170          0          0          0          0         96   poly.o
         0          0          8          0          0          0   qnan.o
        76          0          0          0          0         84   sqrt.o

    ----------------------------------------------------------------------
      8294        564        240          0        100       5572   Library Totals
        22          0          0          0          4          0   (incl. Padding)

    ----------------------------------------------------------------------

      Code (inc. data)   RO Data    RW Data    ZI Data      Debug   Library Name

      1444         46          0          0         96       1812   c_w.l
      4952        352          0          0          0       2804   fz_ws.l
      1876        166        240          0          0        956   m_ws.l

    ----------------------------------------------------------------------
      8294        564        240          0        100       5572   Library Totals

    ----------------------------------------------------------------------

==============================================================================


      Code (inc. data)   RO Data    RW Data    ZI Data      Debug   

     41146       2250       5438        552       1864     605308   Grand Totals
     41146       2250       5438         84       1864     605308   ELF Image Totals (compressed)
     41146       2250       5438         84          0          0   ROM Totals

==============================================================================

    Total RO  Size (Code + RO Data)                46584 (  45.49kB)
    Total RW  Size (RW Data + ZI Data)              2416 (   2.36kB)
    Total ROM Size (Code + RO Data + RW Data)      46668 (  45.57kB)

==============================================================================

